[2026-09-16 18:54:39] Sprawdzam: https://www.otomoto.pl/oferta/przyklad-id123.html
[2026-09-16 18:54:40] Sprawdzam: https://www.olx.pl/oferta/przyklad-id456.html
[2026-09-16 18:54:40] Gotowe. Zapisano 2 ofert do tracker.xlsx i index.html
[2026-09-16 18:56:32] Gotowe. Zapisano 0 ofert do tracker.xlsx i index.html
[2026-09-16 18:57:06] Sprawdzam: https://www.otomoto.pl/osobowe/oferta/volkswagen-scirocco-ID6IeDKy.html
[2026-09-16 18:57:07] Gotowe. Zapisano 1 ofert do tracker.xlsx i index.html
[2026-09-16 19:12:22] Sprawdzam: https://www.otomoto.pl/osobowe/oferta/volkswagen-scirocco-ID6IeDKy.html
[2026-09-16 19:12:23] Gotowe. Zapisano 1 ofert do tracker.xlsx i index.html
[2026-09-16 20:14:05] Sprawdzam: https://www.otomoto.pl/osobowe/oferta/volkswagen-scirocco-ID6IeDKy.html
[2026-09-16 20:14:06] Gotowe. Zapisano 1 ofert do tracker.xlsx i index.html
[2026-09-16 21:13:44] Sprawdzam: https://www.otomoto.pl/osobowe/oferta/volkswagen-scirocco-ID6IeDKy.html
[2026-09-16 21:13:45] Gotowe. Zapisano 1 ofert do tracker.xlsx i index.html
[2026-09-16 22:12:53] Sprawdzam: https://www.otomoto.pl/osobowe/oferta/volkswagen-scirocco-ID6IeDKy.html
[2026-09-16 22:12:54] Gotowe. Zapisano 1 ofert do tracker.xlsx i index.html
[2026-09-16 23:12:20] Sprawdzam: https://www.otomoto.pl/osobowe/oferta/volkswagen-scirocco-ID6IeDKy.html
[2026-09-16 23:12:21] Gotowe. Zapisano 1 ofert do tracker.xlsx i index.html
[2026-09-17 00:17:35] Sprawdzam: https://www.otomoto.pl/osobowe/oferta/volkswagen-scirocco-ID6IeDKy.html
[2026-09-17 00:17:36] Gotowe. Zapisano 1 ofert do tracker.xlsx i index.html
[2026-09-17 01:13:01] Sprawdzam: https://www.otomoto.pl/osobowe/oferta/volkswagen-scirocco-ID6IeDKy.html
[2026-09-17 01:13:02] Gotowe. Zapisano 1 ofert do tracker.xlsx i index.html
[2026-09-17 02:13:16] Sprawdzam: https://www.otomoto.pl/osobowe/oferta/volkswagen-scirocco-ID6IeDKy.html
[2026-09-17 02:13:17] Gotowe. Zapisano 1 ofert do tracker.xlsx i index.html
[2026-09-17 03:13:16] Sprawdzam: https://www.otomoto.pl/osobowe/oferta/volkswagen-scirocco-ID6IeDKy.html
[2026-09-17 03:13:17] Gotowe. Zapisano 1 ofert do tracker.xlsx i index.html
[2026-09-17 04:14:02] Sprawdzam: https://www.otomoto.pl/osobowe/oferta/volkswagen-scirocco-ID6IeDKy.html
[2026-09-17 04:14:04] Gotowe. Zapisano 1 ofert do tracker.xlsx i index.html
[2026-09-17 05:12:55] Sprawdzam: https://www.otomoto.pl/osobowe/oferta/volkswagen-scirocco-ID6IeDKy.html
[2026-09-17 05:12:56] Gotowe. Zapisano 1 ofert do tracker.xlsx i index.html
[2026-09-17 06:17:50] Sprawdzam: https://www.otomoto.pl/osobowe/oferta/volkswagen-scirocco-ID6IeDKy.html
[2026-09-17 06:17:52] Gotowe. Zapisano 1 ofert do tracker.xlsx i index.html
[2026-09-17 07:14:53] Sprawdzam: https://www.otomoto.pl/osobowe/oferta/volkswagen-scirocco-ID6IeDKy.html
[2026-09-17 07:14:53] Gotowe. Zapisano 1 ofert do tracker.xlsx i index.html
[2026-09-17 08:15:17] Sprawdzam: https://www.otomoto.pl/osobowe/oferta/volkswagen-scirocco-ID6IeDKy.html
[2026-09-17 08:15:18] Gotowe. Zapisano 1 ofert do tracker.xlsx i index.html
[2026-09-17 09:13:52] Sprawdzam: https://www.otomoto.pl/osobowe/oferta/volkswagen-scirocco-ID6IeDKy.html
[2026-09-17 09:13:53] Gotowe. Zapisano 1 ofert do tracker.xlsx i index.html
[2026-09-17 10:13:34] Sprawdzam: https://www.otomoto.pl/osobowe/oferta/volkswagen-scirocco-ID6IeDKy.html
[2026-09-17 10:13:35] Gotowe. Zapisano 1 ofert do tracker.xlsx i index.html
[2026-09-17 11:13:06] Sprawdzam: https://www.otomoto.pl/osobowe/oferta/volkswagen-scirocco-ID6IeDKy.html
[2026-09-17 11:13:07] Gotowe. Zapisano 1 ofert do tracker.xlsx i index.html
[2026-09-17 12:17:06] Sprawdzam: https://www.otomoto.pl/osobowe/oferta/volkswagen-scirocco-ID6IeDKy.html
[2026-09-17 12:17:07] Gotowe. Zapisano 1 ofert do tracker.xlsx i index.html
[2026-09-17 13:14:39] Sprawdzam: https://www.otomoto.pl/osobowe/oferta/volkswagen-scirocco-ID6IeDKy.html
[2026-09-17 13:14:40] Gotowe. Zapisano 1 ofert do tracker.xlsx i index.html
[2026-09-17 14:15:00] Sprawdzam: https://www.otomoto.pl/osobowe/oferta/volkswagen-scirocco-ID6IeDKy.html
[2026-09-17 14:15:01] Gotowe. Zapisano 1 ofert do tracker.xlsx i index.html
[2026-09-17 15:13:49] Sprawdzam: https://www.otomoto.pl/osobowe/oferta/volkswagen-scirocco-ID6IeDKy.html
[2026-09-17 15:13:50] Gotowe. Zapisano 1 ofert do tracker.xlsx i index.html
[2026-09-17 16:14:43] Sprawdzam: https://www.otomoto.pl/osobowe/oferta/volkswagen-scirocco-ID6IeDKy.html
[2026-09-17 16:14:43] Gotowe. Zapisano 1 ofert do tracker.xlsx i index.html
[2026-09-17 17:11:26] Sprawdzam: https://www.otomoto.pl/osobowe/oferta/volkswagen-scirocco-ID6IeDKy.html
[2026-09-17 17:11:27] Gotowe. Zapisano 1 ofert do tracker.xlsx i index.html
[2026-09-17 18:16:19] Sprawdzam: https://www.otomoto.pl/osobowe/oferta/volkswagen-scirocco-ID6IeDKy.html
[2026-09-17 18:16:20] Gotowe. Zapisano 1 ofert do tracker.xlsx i index.html
[2026-09-17 19:11:41] Sprawdzam: https://www.otomoto.pl/osobowe/oferta/volkswagen-scirocco-ID6IeDKy.html
[2026-09-17 19:11:42] Gotowe. Zapisano 1 ofert do tracker.xlsx i index.html
[2026-09-17 20:14:11] Sprawdzam: https://www.otomoto.pl/osobowe/oferta/volkswagen-scirocco-ID6IeDKy.html
[2026-09-17 20:14:12] Gotowe. Zapisano 1 ofert do tracker.xlsx i index.html
[2026-09-17 21:13:09] Sprawdzam: https://www.otomoto.pl/osobowe/oferta/volkswagen-scirocco-ID6IeDKy.html
[2026-09-17 21:13:10] Gotowe. Zapisano 1 ofert do tracker.xlsx i index.html
[2026-09-17 22:12:40] Sprawdzam: https://www.otomoto.pl/osobowe/oferta/volkswagen-scirocco-ID6IeDKy.html
[2026-09-17 22:12:41] Gotowe. Zapisano 1 ofert do tracker.xlsx i index.html
[2026-09-17 23:11:07] Sprawdzam: https://www.otomoto.pl/osobowe/oferta/volkswagen-scirocco-ID6IeDKy.html
[2026-09-17 23:11:07] Gotowe. Zapisano 1 ofert do tracker.xlsx i index.html
[2026-09-18 00:18:19] Sprawdzam: https://www.otomoto.pl/osobowe/oferta/volkswagen-scirocco-ID6IeDKy.html
[2026-09-18 00:18:20] Gotowe. Zapisano 1 ofert do tracker.xlsx i index.html
[2026-09-18 01:12:22] Sprawdzam: https://www.otomoto.pl/osobowe/oferta/volkswagen-scirocco-ID6IeDKy.html
[2026-09-18 01:12:22] Gotowe. Zapisano 1 ofert do tracker.xlsx i index.html
[2026-09-18 02:13:31] Sprawdzam: https://www.otomoto.pl/osobowe/oferta/volkswagen-scirocco-ID6IeDKy.html
[2026-09-18 02:13:32] Gotowe. Zapisano 1 ofert do tracker.xlsx i index.html
[2026-09-18 03:13:01] Sprawdzam: https://www.otomoto.pl/osobowe/oferta/volkswagen-scirocco-ID6IeDKy.html
[2026-09-18 03:13:02] Gotowe. Zapisano 1 ofert do tracker.xlsx i index.html
[2026-09-18 04:13:55] Sprawdzam: https://www.otomoto.pl/osobowe/oferta/volkswagen-scirocco-ID6IeDKy.html
[2026-09-18 04:13:56] Gotowe. Zapisano 1 ofert do tracker.xlsx i index.html
[2026-09-18 05:12:09] Sprawdzam: https://www.otomoto.pl/osobowe/oferta/volkswagen-scirocco-ID6IeDKy.html
[2026-09-18 05:12:10] Gotowe. Zapisano 1 ofert do tracker.xlsx i index.html
[2026-09-18 06:16:59] Sprawdzam: https://www.otomoto.pl/osobowe/oferta/volkswagen-scirocco-ID6IeDKy.html
[2026-09-18 06:17:01] Gotowe. Zapisano 1 ofert do tracker.xlsx i index.html
[2026-09-18 07:13:33] Sprawdzam: https://www.otomoto.pl/osobowe/oferta/volkswagen-scirocco-ID6IeDKy.html
[2026-09-18 07:13:35] Gotowe. Zapisano 1 ofert do tracker.xlsx i index.html
[2026-09-18 08:13:54] Sprawdzam: https://www.otomoto.pl/osobowe/oferta/volkswagen-scirocco-ID6IeDKy.html
[2026-09-18 08:13:55] Gotowe. Zapisano 1 ofert do tracker.xlsx i index.html
[2026-09-18 09:13:02] Sprawdzam: https://www.otomoto.pl/osobowe/oferta/volkswagen-scirocco-ID6IeDKy.html
[2026-09-18 09:13:03] Gotowe. Zapisano 1 ofert do tracker.xlsx i index.html
[2026-09-18 10:13:31] Sprawdzam: https://www.otomoto.pl/osobowe/oferta/volkswagen-scirocco-ID6IeDKy.html
[2026-09-18 10:13:32] Gotowe. Zapisano 1 ofert do tracker.xlsx i index.html
[2026-09-18 11:12:33] Sprawdzam: https://www.otomoto.pl/osobowe/oferta/volkswagen-scirocco-ID6IeDKy.html
[2026-09-18 11:12:34] Gotowe. Zapisano 1 ofert do tracker.xlsx i index.html
[2026-09-18 12:16:27] Sprawdzam: https://www.otomoto.pl/osobowe/oferta/volkswagen-scirocco-ID6IeDKy.html
[2026-09-18 12:16:28] Gotowe. Zapisano 1 ofert do tracker.xlsx i index.html
[2026-09-18 13:12:30] Sprawdzam: https://www.otomoto.pl/osobowe/oferta/volkswagen-scirocco-ID6IeDKy.html
[2026-09-18 13:12:31] Gotowe. Zapisano 1 ofert do tracker.xlsx i index.html
[2026-09-18 14:13:23] Sprawdzam: https://www.otomoto.pl/osobowe/oferta/volkswagen-scirocco-ID6IeDKy.html
[2026-09-18 14:13:24] Gotowe. Zapisano 1 ofert do tracker.xlsx i index.html
[2026-09-18 15:12:41] Sprawdzam: https://www.otomoto.pl/osobowe/oferta/volkswagen-scirocco-ID6IeDKy.html
[2026-09-18 15:12:42] Gotowe. Zapisano 1 ofert do tracker.xlsx i index.html
[2026-09-18 16:12:14] Sprawdzam: https://www.otomoto.pl/osobowe/oferta/volkswagen-scirocco-ID6IeDKy.html
[2026-09-18 16:12:15] Gotowe. Zapisano 1 ofert do tracker.xlsx i index.html
[2026-09-18 17:11:38] Sprawdzam: https://www.otomoto.pl/osobowe/oferta/volkswagen-scirocco-ID6IeDKy.html
[2026-09-18 17:11:39] Gotowe. Zapisano 1 ofert do tracker.xlsx i index.html
[2026-09-18 18:14:33] Sprawdzam: https://www.otomoto.pl/osobowe/oferta/volkswagen-scirocco-ID6IeDKy.html
[2026-09-18 18:14:35] Gotowe. Zapisano 1 ofert do tracker.xlsx i index.html
[2026-09-18 19:12:23] Sprawdzam: https://www.otomoto.pl/osobowe/oferta/volkswagen-scirocco-ID6IeDKy.html
[2026-09-18 19:12:24] Gotowe. Zapisano 1 ofert do tracker.xlsx i index.html
[2026-09-18 20:13:36] Sprawdzam: https://www.otomoto.pl/osobowe/oferta/volkswagen-scirocco-ID6IeDKy.html
[2026-09-18 20:13:37] Gotowe. Zapisano 1 ofert do tracker.xlsx i index.html
[2026-09-18 21:12:20] Sprawdzam: https://www.otomoto.pl/osobowe/oferta/volkswagen-scirocco-ID6IeDKy.html
[2026-09-18 21:12:21] Gotowe. Zapisano 1 ofert do tracker.xlsx i index.html
[2026-09-18 22:12:36] Sprawdzam: https://www.otomoto.pl/osobowe/oferta/volkswagen-scirocco-ID6IeDKy.html
[2026-09-18 22:12:37] Gotowe. Zapisano 1 ofert do tracker.xlsx i index.html
[2026-09-18 23:12:29] Sprawdzam: https://www.otomoto.pl/osobowe/oferta/volkswagen-scirocco-ID6IeDKy.html
[2026-09-18 23:12:30] Gotowe. Zapisano 1 ofert do tracker.xlsx i index.html
[2026-09-19 00:17:58] Sprawdzam: https://www.otomoto.pl/osobowe/oferta/volkswagen-scirocco-ID6IeDKy.html
[2026-09-19 00:17:59] Gotowe. Zapisano 1 ofert do tracker.xlsx i index.html
[2026-09-19 01:11:04] Sprawdzam: https://www.otomoto.pl/osobowe/oferta/volkswagen-scirocco-ID6IeDKy.html
[2026-09-19 01:11:05] Gotowe. Zapisano 1 ofert do tracker.xlsx i index.html
[2026-09-19 02:12:43] Sprawdzam: https://www.otomoto.pl/osobowe/oferta/volkswagen-scirocco-ID6IeDKy.html
[2026-09-19 02:12:44] Gotowe. Zapisano 1 ofert do tracker.xlsx i index.html
[2026-09-19 03:12:42] Sprawdzam: https://www.otomoto.pl/osobowe/oferta/volkswagen-scirocco-ID6IeDKy.html
[2026-09-19 03:12:43] Gotowe. Zapisano 1 ofert do tracker.xlsx i index.html
[2026-09-19 04:13:02] Sprawdzam: https://www.otomoto.pl/osobowe/oferta/volkswagen-scirocco-ID6IeDKy.html
[2026-09-19 04:13:03] Gotowe. Zapisano 1 ofert do tracker.xlsx i index.html
[2026-09-19 05:11:30] Sprawdzam: https://www.otomoto.pl/osobowe/oferta/volkswagen-scirocco-ID6IeDKy.html
[2026-09-19 05:11:31] Gotowe. Zapisano 1 ofert do tracker.xlsx i index.html
[2026-09-19 06:16:20] Sprawdzam: https://www.otomoto.pl/osobowe/oferta/volkswagen-scirocco-ID6IeDKy.html
[2026-09-19 06:16:21] Gotowe. Zapisano 1 ofert do tracker.xlsx i index.html
[2026-09-19 07:11:48] Sprawdzam: https://www.otomoto.pl/osobowe/oferta/volkswagen-scirocco-ID6IeDKy.html
[2026-09-19 07:11:49] Gotowe. Zapisano 1 ofert do tracker.xlsx i index.html
[2026-09-19 08:13:44] Sprawdzam: https://www.otomoto.pl/osobowe/oferta/volkswagen-scirocco-ID6IeDKy.html
[2026-09-19 08:13:44] Gotowe. Zapisano 1 ofert do tracker.xlsx i index.html
[2026-09-19 09:12:54] Sprawdzam: https://www.otomoto.pl/osobowe/oferta/volkswagen-scirocco-ID6IeDKy.html
[2026-09-19 09:12:55] Gotowe. Zapisano 1 ofert do tracker.xlsx i index.html
[2026-09-19 10:12:38] Sprawdzam: https://www.otomoto.pl/osobowe/oferta/volkswagen-scirocco-ID6IeDKy.html
[2026-09-19 10:12:39] Gotowe. Zapisano 1 ofert do tracker.xlsx i index.html
[2026-09-19 11:11:49] Sprawdzam: https://www.otomoto.pl/osobowe/oferta/volkswagen-scirocco-ID6IeDKy.html
[2026-09-19 11:11:50] Gotowe. Zapisano 1 ofert do tracker.xlsx i index.html
[2026-09-19 12:15:56] Sprawdzam: https://www.otomoto.pl/osobowe/oferta/volkswagen-scirocco-ID6IeDKy.html
[2026-09-19 12:15:56] Gotowe. Zapisano 1 ofert do tracker.xlsx i index.html
[2026-09-19 13:12:46] Sprawdzam: https://www.otomoto.pl/osobowe/oferta/volkswagen-scirocco-ID6IeDKy.html
[2026-09-19 13:12:47] Gotowe. Zapisano 1 ofert do tracker.xlsx i index.html
[2026-09-19 14:12:28] Sprawdzam: https://www.otomoto.pl/osobowe/oferta/volkswagen-scirocco-ID6IeDKy.html
[2026-09-19 14:12:29] Gotowe. Zapisano 1 ofert do tracker.xlsx i index.html
[2026-09-19 15:12:07] Sprawdzam: https://www.otomoto.pl/osobowe/oferta/volkswagen-scirocco-ID6IeDKy.html
[2026-09-19 15:12:08] Gotowe. Zapisano 1 ofert do tracker.xlsx i index.html
[2026-09-19 16:12:35] Sprawdzam: https://www.otomoto.pl/osobowe/oferta/volkswagen-scirocco-ID6IeDKy.html
[2026-09-19 16:12:36] Gotowe. Zapisano 1 ofert do tracker.xlsx i index.html
[2026-09-19 17:11:12] Sprawdzam: https://www.otomoto.pl/osobowe/oferta/volkswagen-scirocco-ID6IeDKy.html
[2026-09-19 17:11:13] Gotowe. Zapisano 1 ofert do tracker.xlsx i index.html
[2026-09-19 18:14:16] Sprawdzam: https://www.otomoto.pl/osobowe/oferta/volkswagen-scirocco-ID6IeDKy.html
[2026-09-19 18:14:17] Gotowe. Zapisano 1 ofert do tracker.xlsx i index.html
[2026-09-19 19:10:27] Sprawdzam: https://www.otomoto.pl/osobowe/oferta/volkswagen-scirocco-ID6IeDKy.html
[2026-09-19 19:10:28] Gotowe. Zapisano 1 ofert do tracker.xlsx i index.html
[2026-09-19 20:12:31] Sprawdzam: https://www.otomoto.pl/osobowe/oferta/volkswagen-scirocco-ID6IeDKy.html
[2026-09-19 20:12:33] Gotowe. Zapisano 1 ofert do tracker.xlsx i index.html
[2026-09-19 21:12:08] Sprawdzam: https://www.otomoto.pl/osobowe/oferta/volkswagen-scirocco-ID6IeDKy.html
[2026-09-19 21:12:10] Gotowe. Zapisano 1 ofert do tracker.xlsx i index.html
[2026-09-19 22:12:12] Sprawdzam: https://www.otomoto.pl/osobowe/oferta/volkswagen-scirocco-ID6IeDKy.html
[2026-09-19 22:12:13] Gotowe. Zapisano 1 ofert do tracker.xlsx i index.html
[2026-09-19 23:11:24] Sprawdzam: https://www.otomoto.pl/osobowe/oferta/volkswagen-scirocco-ID6IeDKy.html
[2026-09-19 23:11:26] Gotowe. Zapisano 1 ofert do tracker.xlsx i index.html
[2026-09-20 00:18:56] Sprawdzam: https://www.otomoto.pl/osobowe/oferta/volkswagen-scirocco-ID6IeDKy.html
[2026-09-20 00:18:57] Gotowe. Zapisano 1 ofert do tracker.xlsx i index.html
[2026-09-20 01:11:36] Sprawdzam: https://www.otomoto.pl/osobowe/oferta/volkswagen-scirocco-ID6IeDKy.html
[2026-09-20 01:11:36] Gotowe. Zapisano 1 ofert do tracker.xlsx i index.html
[2026-09-20 02:13:18] Sprawdzam: https://www.otomoto.pl/osobowe/oferta/volkswagen-scirocco-ID6IeDKy.html
[2026-09-20 02:13:19] Gotowe. Zapisano 1 ofert do tracker.xlsx i index.html
[2026-09-20 03:13:05] Sprawdzam: https://www.otomoto.pl/osobowe/oferta/volkswagen-scirocco-ID6IeDKy.html
[2026-09-20 03:13:06] Gotowe. Zapisano 1 ofert do tracker.xlsx i index.html
[2026-09-20 04:13:09] Sprawdzam: https://www.otomoto.pl/osobowe/oferta/volkswagen-scirocco-ID6IeDKy.html
[2026-09-20 04:13:10] Gotowe. Zapisano 1 ofert do tracker.xlsx i index.html
[2026-09-20 05:12:08] Sprawdzam: https://www.otomoto.pl/osobowe/oferta/volkswagen-scirocco-ID6IeDKy.html
[2026-09-20 05:12:09] Gotowe. Zapisano 1 ofert do tracker.xlsx i index.html
[2026-09-20 06:16:11] Sprawdzam: https://www.otomoto.pl/osobowe/oferta/volkswagen-scirocco-ID6IeDKy.html
[2026-09-20 06:16:12] Gotowe. Zapisano 1 ofert do tracker.xlsx i index.html
[2026-09-20 07:11:49] Sprawdzam: https://www.otomoto.pl/osobowe/oferta/volkswagen-scirocco-ID6IeDKy.html
[2026-09-20 07:11:50] Gotowe. Zapisano 1 ofert do tracker.xlsx i index.html
[2026-09-20 08:13:09] Sprawdzam: https://www.otomoto.pl/osobowe/oferta/volkswagen-scirocco-ID6IeDKy.html
[2026-09-20 08:13:10] Gotowe. Zapisano 1 ofert do tracker.xlsx i index.html
[2026-09-20 09:12:21] Sprawdzam: https://www.otomoto.pl/osobowe/oferta/volkswagen-scirocco-ID6IeDKy.html
[2026-09-20 09:12:21] Gotowe. Zapisano 1 ofert do tracker.xlsx i index.html
[2026-09-20 10:12:34] Sprawdzam: https://www.otomoto.pl/osobowe/oferta/volkswagen-scirocco-ID6IeDKy.html
[2026-09-20 10:12:35] Gotowe. Zapisano 1 ofert do tracker.xlsx i index.html
[2026-09-20 11:11:46] Sprawdzam: https://www.otomoto.pl/osobowe/oferta/volkswagen-scirocco-ID6IeDKy.html
[2026-09-20 11:11:47] Gotowe. Zapisano 1 ofert do tracker.xlsx i index.html
[2026-09-20 12:15:58] Sprawdzam: https://www.otomoto.pl/osobowe/oferta/volkswagen-scirocco-ID6IeDKy.html
[2026-09-20 12:15:59] Gotowe. Zapisano 1 ofert do tracker.xlsx i index.html
[2026-09-20 13:12:23] Sprawdzam: https://www.otomoto.pl/osobowe/oferta/volkswagen-scirocco-ID6IeDKy.html
[2026-09-20 13:12:24] Gotowe. Zapisano 1 ofert do tracker.xlsx i index.html
[2026-09-20 14:12:16] Sprawdzam: https://www.otomoto.pl/osobowe/oferta/volkswagen-scirocco-ID6IeDKy.html
[2026-09-20 14:12:17] Gotowe. Zapisano 1 ofert do tracker.xlsx i index.html
[2026-09-20 15:12:51] Sprawdzam: https://www.otomoto.pl/osobowe/oferta/volkswagen-scirocco-ID6IeDKy.html
[2026-09-20 15:12:52] Gotowe. Zapisano 1 ofert do tracker.xlsx i index.html
[2026-09-20 16:13:08] Sprawdzam: https://www.otomoto.pl/osobowe/oferta/volkswagen-scirocco-ID6IeDKy.html
[2026-09-20 16:13:09] Gotowe. Zapisano 1 ofert do tracker.xlsx i index.html
[2026-09-20 17:11:29] Sprawdzam: https://www.otomoto.pl/osobowe/oferta/volkswagen-scirocco-ID6IeDKy.html
[2026-09-20 17:11:30] Gotowe. Zapisano 1 ofert do tracker.xlsx i index.html
[2026-09-20 18:14:06] Sprawdzam: https://www.otomoto.pl/osobowe/oferta/volkswagen-scirocco-ID6IeDKy.html
[2026-09-20 18:14:07] Gotowe. Zapisano 1 ofert do tracker.xlsx i index.html
[2026-09-20 19:10:37] Sprawdzam: https://www.otomoto.pl/osobowe/oferta/volkswagen-scirocco-ID6IeDKy.html
[2026-09-20 19:10:38] Gotowe. Zapisano 1 ofert do tracker.xlsx i index.html
[2026-09-20 20:12:19] Sprawdzam: https://www.otomoto.pl/osobowe/oferta/volkswagen-scirocco-ID6IeDKy.html
[2026-09-20 20:12:20] Gotowe. Zapisano 1 ofert do tracker.xlsx i index.html
[2026-09-20 21:12:13] Sprawdzam: https://www.otomoto.pl/osobowe/oferta/volkswagen-scirocco-ID6IeDKy.html
[2026-09-20 21:12:14] Gotowe. Zapisano 1 ofert do tracker.xlsx i index.html
[2026-09-20 22:12:04] Sprawdzam: https://www.otomoto.pl/osobowe/oferta/volkswagen-scirocco-ID6IeDKy.html
[2026-09-20 22:12:04] Gotowe. Zapisano 1 ofert do tracker.xlsx i index.html
[2026-09-20 23:11:25] Sprawdzam: https://www.otomoto.pl/osobowe/oferta/volkswagen-scirocco-ID6IeDKy.html
[2026-09-20 23:11:27] Gotowe. Zapisano 1 ofert do tracker.xlsx i index.html
[2026-09-21 00:18:42] Sprawdzam: https://www.otomoto.pl/osobowe/oferta/volkswagen-scirocco-ID6IeDKy.html
[2026-09-21 00:18:43] Gotowe. Zapisano 1 ofert do tracker.xlsx i index.html
[2026-09-21 01:12:24] Sprawdzam: https://www.otomoto.pl/osobowe/oferta/volkswagen-scirocco-ID6IeDKy.html
[2026-09-21 01:12:25] Gotowe. Zapisano 1 ofert do tracker.xlsx i index.html
[2026-09-21 02:13:08] Sprawdzam: https://www.otomoto.pl/osobowe/oferta/volkswagen-scirocco-ID6IeDKy.html
[2026-09-21 02:13:08] Gotowe. Zapisano 1 ofert do tracker.xlsx i index.html
[2026-09-21 03:13:30] Sprawdzam: https://www.otomoto.pl/osobowe/oferta/volkswagen-scirocco-ID6IeDKy.html
[2026-09-21 03:13:31] Gotowe. Zapisano 1 ofert do tracker.xlsx i index.html
[2026-09-21 04:13:24] Sprawdzam: https://www.otomoto.pl/osobowe/oferta/volkswagen-scirocco-ID6IeDKy.html
[2026-09-21 04:13:24] Gotowe. Zapisano 1 ofert do tracker.xlsx i index.html
[2026-09-21 05:13:10] Sprawdzam: https://www.otomoto.pl/osobowe/oferta/volkswagen-scirocco-ID6IeDKy.html
[2026-09-21 05:13:10] Gotowe. Zapisano 1 ofert do tracker.xlsx i index.html
[2026-09-21 06:18:57] Sprawdzam: https://www.otomoto.pl/osobowe/oferta/volkswagen-scirocco-ID6IeDKy.html
[2026-09-21 06:18:58] Gotowe. Zapisano 1 ofert do tracker.xlsx i index.html
[2026-09-21 07:14:13] Sprawdzam: https://www.otomoto.pl/osobowe/oferta/volkswagen-scirocco-ID6IeDKy.html
[2026-09-21 07:14:14] Gotowe. Zapisano 1 ofert do tracker.xlsx i index.html
[2026-09-21 08:14:51] Sprawdzam: https://www.otomoto.pl/osobowe/oferta/volkswagen-scirocco-ID6IeDKy.html
[2026-09-21 08:14:52] Gotowe. Zapisano 1 ofert do tracker.xlsx i index.html
[2026-09-21 09:14:11] Sprawdzam: https://www.otomoto.pl/osobowe/oferta/volkswagen-scirocco-ID6IeDKy.html
[2026-09-21 09:14:12] Gotowe. Zapisano 1 ofert do tracker.xlsx i index.html
[2026-09-21 10:13:10] Sprawdzam: https://www.otomoto.pl/osobowe/oferta/volkswagen-scirocco-ID6IeDKy.html
[2026-09-21 10:13:11] Gotowe. Zapisano 1 ofert do tracker.xlsx i index.html
[2026-09-21 11:12:46] Sprawdzam: https://www.otomoto.pl/osobowe/oferta/volkswagen-scirocco-ID6IeDKy.html
[2026-09-21 11:12:47] Gotowe. Zapisano 1 ofert do tracker.xlsx i index.html
[2026-09-21 12:16:07] Sprawdzam: https://www.otomoto.pl/osobowe/oferta/volkswagen-scirocco-ID6IeDKy.html
[2026-09-21 12:16:08] Gotowe. Zapisano 1 ofert do tracker.xlsx i index.html
[2026-09-21 13:12:40] Sprawdzam: https://www.otomoto.pl/osobowe/oferta/volkswagen-scirocco-ID6IeDKy.html
[2026-09-21 13:12:42] Gotowe. Zapisano 1 ofert do tracker.xlsx i index.html
[2026-09-21 14:13:12] Sprawdzam: https://www.otomoto.pl/osobowe/oferta/volkswagen-scirocco-ID6IeDKy.html
[2026-09-21 14:13:13] Gotowe. Zapisano 1 ofert do tracker.xlsx i index.html
[2026-09-21 15:12:01] Sprawdzam: https://www.otomoto.pl/osobowe/oferta/volkswagen-scirocco-ID6IeDKy.html
[2026-09-21 15:12:02] Gotowe. Zapisano 1 ofert do tracker.xlsx i index.html
[2026-09-21 16:13:45] Sprawdzam: https://www.otomoto.pl/osobowe/oferta/volkswagen-scirocco-ID6IeDKy.html
[2026-09-21 16:13:46] Gotowe. Zapisano 1 ofert do tracker.xlsx i index.html
[2026-09-21 17:11:00] Sprawdzam: https://www.otomoto.pl/osobowe/oferta/volkswagen-scirocco-ID6IeDKy.html
[2026-09-21 17:11:02] Gotowe. Zapisano 1 ofert do tracker.xlsx i index.html
[2026-09-21 18:14:55] Sprawdzam: https://www.otomoto.pl/osobowe/oferta/volkswagen-scirocco-ID6IeDKy.html
[2026-09-21 18:14:56] Gotowe. Zapisano 1 ofert do tracker.xlsx i index.html
[2026-09-21 19:12:06] Sprawdzam: https://www.otomoto.pl/osobowe/oferta/volkswagen-scirocco-ID6IeDKy.html
[2026-09-21 19:12:07] Gotowe. Zapisano 1 ofert do tracker.xlsx i index.html
[2026-09-21 20:13:36] Sprawdzam: https://www.otomoto.pl/osobowe/oferta/volkswagen-scirocco-ID6IeDKy.html
[2026-09-21 20:13:37] Gotowe. Zapisano 1 ofert do tracker.xlsx i index.html
[2026-09-21 21:12:41] Sprawdzam: https://www.otomoto.pl/osobowe/oferta/volkswagen-scirocco-ID6IeDKy.html
[2026-09-21 21:12:42] Gotowe. Zapisano 1 ofert do tracker.xlsx i index.html
[2026-09-21 22:12:46] Sprawdzam: https://www.otomoto.pl/osobowe/oferta/volkswagen-scirocco-ID6IeDKy.html
[2026-09-21 22:12:46] Gotowe. Zapisano 1 ofert do tracker.xlsx i index.html
[2026-09-21 23:12:19] Sprawdzam: https://www.otomoto.pl/osobowe/oferta/volkswagen-scirocco-ID6IeDKy.html
[2026-09-21 23:12:20] Gotowe. Zapisano 1 ofert do tracker.xlsx i index.html
[2026-09-22 00:17:57] Sprawdzam: https://www.otomoto.pl/osobowe/oferta/volkswagen-scirocco-ID6IeDKy.html
[2026-09-22 00:17:57] Gotowe. Zapisano 1 ofert do tracker.xlsx i index.html
[2026-09-22 01:11:13] Sprawdzam: https://www.otomoto.pl/osobowe/oferta/volkswagen-scirocco-ID6IeDKy.html
[2026-09-22 01:11:15] Gotowe. Zapisano 1 ofert do tracker.xlsx i index.html
[2026-09-22 02:13:19] Sprawdzam: https://www.otomoto.pl/osobowe/oferta/volkswagen-scirocco-ID6IeDKy.html
[2026-09-22 02:13:20] Gotowe. Zapisano 1 ofert do tracker.xlsx i index.html
[2026-09-22 03:13:11] Sprawdzam: https://www.otomoto.pl/osobowe/oferta/volkswagen-scirocco-ID6IeDKy.html
[2026-09-22 03:13:12] Gotowe. Zapisano 1 ofert do tracker.xlsx i index.html
[2026-09-22 04:13:07] Sprawdzam: https://www.otomoto.pl/osobowe/oferta/volkswagen-scirocco-ID6IeDKy.html
[2026-09-22 04:13:09] Gotowe. Zapisano 1 ofert do tracker.xlsx i index.html
[2026-09-22 05:12:16] Sprawdzam: https://www.otomoto.pl/osobowe/oferta/volkswagen-scirocco-ID6IeDKy.html
[2026-09-22 05:12:16] Gotowe. Zapisano 1 ofert do tracker.xlsx i index.html
[2026-09-22 06:16:51] Sprawdzam: https://www.otomoto.pl/osobowe/oferta/volkswagen-scirocco-ID6IeDKy.html
[2026-09-22 06:16:52] Gotowe. Zapisano 1 ofert do tracker.xlsx i index.html
[2026-09-22 07:13:07] Sprawdzam: https://www.otomoto.pl/osobowe/oferta/volkswagen-scirocco-ID6IeDKy.html
[2026-09-22 07:13:08] Gotowe. Zapisano 1 ofert do tracker.xlsx i index.html
[2026-09-22 08:14:06] Sprawdzam: https://www.otomoto.pl/osobowe/oferta/volkswagen-scirocco-ID6IeDKy.html
[2026-09-22 08:14:07] Gotowe. Zapisano 1 ofert do tracker.xlsx i index.html
[2026-09-22 09:13:13] Sprawdzam: https://www.otomoto.pl/osobowe/oferta/volkswagen-scirocco-ID6IeDKy.html
[2026-09-22 09:13:14] Gotowe. Zapisano 1 ofert do tracker.xlsx i index.html
[2026-09-22 10:14:32] Sprawdzam: https://www.otomoto.pl/osobowe/oferta/volkswagen-scirocco-ID6IeDKy.html
[2026-09-22 10:14:33] Gotowe. Zapisano 1 ofert do tracker.xlsx i index.html
[2026-09-22 11:12:44] Sprawdzam: https://www.otomoto.pl/osobowe/oferta/volkswagen-scirocco-ID6IeDKy.html
[2026-09-22 11:12:45] Gotowe. Zapisano 1 ofert do tracker.xlsx i index.html
[2026-09-22 12:16:43] Sprawdzam: https://www.otomoto.pl/osobowe/oferta/volkswagen-scirocco-ID6IeDKy.html
[2026-09-22 12:16:44] Gotowe. Zapisano 1 ofert do tracker.xlsx i index.html
[2026-09-22 13:13:56] Sprawdzam: https://www.otomoto.pl/osobowe/oferta/volkswagen-scirocco-ID6IeDKy.html
[2026-09-22 13:13:57] Gotowe. Zapisano 1 ofert do tracker.xlsx i index.html
[2026-09-22 14:13:45] Sprawdzam: https://www.otomoto.pl/osobowe/oferta/volkswagen-scirocco-ID6IeDKy.html
[2026-09-22 14:13:46] Gotowe. Zapisano 1 ofert do tracker.xlsx i index.html
[2026-09-22 15:12:47] Sprawdzam: https://www.otomoto.pl/osobowe/oferta/volkswagen-scirocco-ID6IeDKy.html
[2026-09-22 15:12:48] Gotowe. Zapisano 1 ofert do tracker.xlsx i index.html
[2026-09-22 16:13:26] Sprawdzam: https://www.otomoto.pl/osobowe/oferta/volkswagen-scirocco-ID6IeDKy.html
[2026-09-22 16:13:27] Gotowe. Zapisano 1 ofert do tracker.xlsx i index.html
[2026-09-22 17:12:12] Sprawdzam: https://www.otomoto.pl/osobowe/oferta/volkswagen-scirocco-ID6IeDKy.html
[2026-09-22 17:12:13] Gotowe. Zapisano 1 ofert do tracker.xlsx i index.html
[2026-09-22 18:16:26] Sprawdzam: https://www.otomoto.pl/osobowe/oferta/volkswagen-scirocco-ID6IeDKy.html
[2026-09-22 18:16:27] Gotowe. Zapisano 1 ofert do tracker.xlsx i index.html
[2026-09-22 19:11:45] Sprawdzam: https://www.otomoto.pl/osobowe/oferta/volkswagen-scirocco-ID6IeDKy.html
[2026-09-22 19:11:46] Gotowe. Zapisano 1 ofert do tracker.xlsx i index.html
[2026-09-22 20:12:40] Sprawdzam: https://www.otomoto.pl/osobowe/oferta/volkswagen-scirocco-ID6IeDKy.html
[2026-09-22 20:12:41] Gotowe. Zapisano 1 ofert do tracker.xlsx i index.html
[2026-09-22 21:11:49] Sprawdzam: https://www.otomoto.pl/osobowe/oferta/volkswagen-scirocco-ID6IeDKy.html
[2026-09-22 21:11:49] Gotowe. Zapisano 1 ofert do tracker.xlsx i index.html
[2026-09-22 22:12:21] Sprawdzam: https://www.otomoto.pl/osobowe/oferta/volkswagen-scirocco-ID6IeDKy.html
[2026-09-22 22:12:22] Gotowe. Zapisano 1 ofert do tracker.xlsx i index.html
[2026-09-22 23:11:31] Sprawdzam: https://www.otomoto.pl/osobowe/oferta/volkswagen-scirocco-ID6IeDKy.html
[2026-09-22 23:11:32] Gotowe. Zapisano 1 ofert do tracker.xlsx i index.html
[2026-09-23 00:17:15] Sprawdzam: https://www.otomoto.pl/osobowe/oferta/volkswagen-scirocco-ID6IeDKy.html
[2026-09-23 00:17:16] Gotowe. Zapisano 1 ofert do tracker.xlsx i index.html
[2026-09-23 01:12:16] Sprawdzam: https://www.otomoto.pl/osobowe/oferta/volkswagen-scirocco-ID6IeDKy.html
[2026-09-23 01:12:16] Gotowe. Zapisano 1 ofert do tracker.xlsx i index.html
[2026-09-23 02:13:18] Sprawdzam: https://www.otomoto.pl/osobowe/oferta/volkswagen-scirocco-ID6IeDKy.html
[2026-09-23 02:13:19] Gotowe. Zapisano 1 ofert do tracker.xlsx i index.html
[2026-09-23 03:13:15] Sprawdzam: https://www.otomoto.pl/osobowe/oferta/volkswagen-scirocco-ID6IeDKy.html
[2026-09-23 03:13:16] Gotowe. Zapisano 1 ofert do tracker.xlsx i index.html
[2026-09-23 04:13:49] Sprawdzam: https://www.otomoto.pl/osobowe/oferta/volkswagen-scirocco-ID6IeDKy.html
[2026-09-23 04:13:51] Gotowe. Zapisano 1 ofert do tracker.xlsx i index.html
[2026-09-23 05:12:10] Sprawdzam: https://www.otomoto.pl/osobowe/oferta/volkswagen-scirocco-ID6IeDKy.html
[2026-09-23 05:12:11] Gotowe. Zapisano 1 ofert do tracker.xlsx i index.html
[2026-09-23 06:17:24] Sprawdzam: https://www.otomoto.pl/osobowe/oferta/volkswagen-scirocco-ID6IeDKy.html
[2026-09-23 06:17:26] Gotowe. Zapisano 1 ofert do tracker.xlsx i index.html
[2026-09-23 07:13:56] Sprawdzam: https://www.otomoto.pl/osobowe/oferta/volkswagen-scirocco-ID6IeDKy.html
[2026-09-23 07:13:57] Gotowe. Zapisano 1 ofert do tracker.xlsx i index.html
[2026-09-23 08:14:01] Sprawdzam: https://www.otomoto.pl/osobowe/oferta/volkswagen-scirocco-ID6IeDKy.html
[2026-09-23 08:14:02] Gotowe. Zapisano 1 ofert do tracker.xlsx i index.html
[2026-09-23 09:13:24] Sprawdzam: https://www.otomoto.pl/osobowe/oferta/volkswagen-scirocco-ID6IeDKy.html
[2026-09-23 09:13:26] Gotowe. Zapisano 1 ofert do tracker.xlsx i index.html
[2026-09-23 10:13:50] Sprawdzam: https://www.otomoto.pl/osobowe/oferta/volkswagen-scirocco-ID6IeDKy.html
[2026-09-23 10:13:51] Gotowe. Zapisano 1 ofert do tracker.xlsx i index.html
[2026-09-23 11:12:54] Sprawdzam: https://www.otomoto.pl/osobowe/oferta/volkswagen-scirocco-ID6IeDKy.html
[2026-09-23 11:12:54] Gotowe. Zapisano 1 ofert do tracker.xlsx i index.html
[2026-09-23 12:16:50] Sprawdzam: https://www.otomoto.pl/osobowe/oferta/volkswagen-scirocco-ID6IeDKy.html
[2026-09-23 12:16:51] Gotowe. Zapisano 1 ofert do tracker.xlsx i index.html
[2026-09-23 13:14:35] Sprawdzam: https://www.otomoto.pl/osobowe/oferta/volkswagen-scirocco-ID6IeDKy.html
[2026-09-23 13:14:36] Gotowe. Zapisano 1 ofert do tracker.xlsx i index.html
[2026-09-23 14:13:54] Sprawdzam: https://www.otomoto.pl/osobowe/oferta/volkswagen-scirocco-ID6IeDKy.html
[2026-09-23 14:13:55] Gotowe. Zapisano 1 ofert do tracker.xlsx i index.html
[2026-09-23 15:12:47] Sprawdzam: https://www.otomoto.pl/osobowe/oferta/volkswagen-scirocco-ID6IeDKy.html
[2026-09-23 15:12:48] Gotowe. Zapisano 1 ofert do tracker.xlsx i index.html
[2026-09-23 16:14:26] Sprawdzam: https://www.otomoto.pl/osobowe/oferta/volkswagen-scirocco-ID6IeDKy.html
[2026-09-23 16:14:27] Gotowe. Zapisano 1 ofert do tracker.xlsx i index.html
[2026-09-23 17:13:12] Sprawdzam: https://www.otomoto.pl/osobowe/oferta/volkswagen-scirocco-ID6IeDKy.html
[2026-09-23 17:13:13] Gotowe. Zapisano 1 ofert do tracker.xlsx i index.html
[2026-09-23 18:16:39] Sprawdzam: https://www.otomoto.pl/osobowe/oferta/volkswagen-scirocco-ID6IeDKy.html
[2026-09-23 18:16:40] Gotowe. Zapisano 1 ofert do tracker.xlsx i index.html
[2026-09-23 19:11:56] Sprawdzam: https://www.otomoto.pl/osobowe/oferta/volkswagen-scirocco-ID6IeDKy.html
[2026-09-23 19:11:57] Gotowe. Zapisano 1 ofert do tracker.xlsx i index.html
[2026-09-23 20:14:12] Sprawdzam: https://www.otomoto.pl/osobowe/oferta/volkswagen-scirocco-ID6IeDKy.html
[2026-09-23 20:14:14] Gotowe. Zapisano 1 ofert do tracker.xlsx i index.html
[2026-09-23 21:13:03] Sprawdzam: https://www.otomoto.pl/osobowe/oferta/volkswagen-scirocco-ID6IeDKy.html
[2026-09-23 21:13:03] Gotowe. Zapisano 1 ofert do tracker.xlsx i index.html
[2026-09-23 22:13:18] Sprawdzam: https://www.otomoto.pl/osobowe/oferta/volkswagen-scirocco-ID6IeDKy.html
[2026-09-23 22:13:19] Gotowe. Zapisano 1 ofert do tracker.xlsx i index.html
[2026-09-23 23:10:32] Sprawdzam: https://www.otomoto.pl/osobowe/oferta/volkswagen-scirocco-ID6IeDKy.html
[2026-09-23 23:10:33] Gotowe. Zapisano 1 ofert do tracker.xlsx i index.html
[2026-09-24 00:17:46] Sprawdzam: https://www.otomoto.pl/osobowe/oferta/volkswagen-scirocco-ID6IeDKy.html
[2026-09-24 00:17:47] Gotowe. Zapisano 1 ofert do tracker.xlsx i index.html
[2026-09-24 01:12:15] Sprawdzam: https://www.otomoto.pl/osobowe/oferta/volkswagen-scirocco-ID6IeDKy.html
[2026-09-24 01:12:16] Gotowe. Zapisano 1 ofert do tracker.xlsx i index.html
[2026-09-24 02:12:50] Sprawdzam: https://www.otomoto.pl/osobowe/oferta/volkswagen-scirocco-ID6IeDKy.html
[2026-09-24 02:12:51] Gotowe. Zapisano 1 ofert do tracker.xlsx i index.html
[2026-09-24 03:12:53] Sprawdzam: https://www.otomoto.pl/osobowe/oferta/volkswagen-scirocco-ID6IeDKy.html
[2026-09-24 03:12:54] Gotowe. Zapisano 1 ofert do tracker.xlsx i index.html
[2026-09-24 04:13:20] Sprawdzam: https://www.otomoto.pl/osobowe/oferta/volkswagen-scirocco-ID6IeDKy.html
[2026-09-24 04:13:21] Gotowe. Zapisano 1 ofert do tracker.xlsx i index.html
[2026-09-24 05:12:15] Sprawdzam: https://www.otomoto.pl/osobowe/oferta/volkswagen-scirocco-ID6IeDKy.html
[2026-09-24 05:12:15] Gotowe. Zapisano 1 ofert do tracker.xlsx i index.html
[2026-09-24 06:17:12] Sprawdzam: https://www.otomoto.pl/osobowe/oferta/volkswagen-scirocco-ID6IeDKy.html
[2026-09-24 06:17:13] Gotowe. Zapisano 1 ofert do tracker.xlsx i index.html
[2026-09-24 07:14:07] Sprawdzam: https://www.otomoto.pl/osobowe/oferta/volkswagen-scirocco-ID6IeDKy.html
[2026-09-24 07:14:08] Gotowe. Zapisano 1 ofert do tracker.xlsx i index.html
[2026-09-24 08:14:48] Sprawdzam: https://www.otomoto.pl/osobowe/oferta/volkswagen-scirocco-ID6IeDKy.html
[2026-09-24 08:14:49] Gotowe. Zapisano 1 ofert do tracker.xlsx i index.html
[2026-09-24 09:14:14] Sprawdzam: https://www.otomoto.pl/osobowe/oferta/volkswagen-scirocco-ID6IeDKy.html
[2026-09-24 09:14:15] Gotowe. Zapisano 1 ofert do tracker.xlsx i index.html
[2026-09-24 10:13:20] Sprawdzam: https://www.otomoto.pl/osobowe/oferta/volkswagen-scirocco-ID6IeDKy.html
[2026-09-24 10:13:21] Gotowe. Zapisano 1 ofert do tracker.xlsx i index.html
[2026-09-24 11:12:32] Sprawdzam: https://www.otomoto.pl/osobowe/oferta/volkswagen-scirocco-ID6IeDKy.html
[2026-09-24 11:12:34] Gotowe. Zapisano 1 ofert do tracker.xlsx i index.html
[2026-09-24 12:16:48] Sprawdzam: https://www.otomoto.pl/osobowe/oferta/volkswagen-scirocco-ID6IeDKy.html
[2026-09-24 12:16:48] Gotowe. Zapisano 1 ofert do tracker.xlsx i index.html
[2026-09-24 13:14:45] Sprawdzam: https://www.otomoto.pl/osobowe/oferta/volkswagen-scirocco-ID6IeDKy.html
[2026-09-24 13:14:46] Gotowe. Zapisano 1 ofert do tracker.xlsx i index.html
[2026-09-24 14:14:14] Sprawdzam: https://www.otomoto.pl/osobowe/oferta/volkswagen-scirocco-ID6IeDKy.html
[2026-09-24 14:14:15] Gotowe. Zapisano 1 ofert do tracker.xlsx i index.html
[2026-09-24 15:14:09] Sprawdzam: https://www.otomoto.pl/osobowe/oferta/volkswagen-scirocco-ID6IeDKy.html
[2026-09-24 15:14:10] Gotowe. Zapisano 1 ofert do tracker.xlsx i index.html
[2026-09-24 16:14:31] Sprawdzam: https://www.otomoto.pl/osobowe/oferta/volkswagen-scirocco-ID6IeDKy.html
[2026-09-24 16:14:32] Gotowe. Zapisano 1 ofert do tracker.xlsx i index.html
[2026-09-24 17:12:34] Sprawdzam: https://www.otomoto.pl/osobowe/oferta/volkswagen-scirocco-ID6IeDKy.html
[2026-09-24 17:12:34] Gotowe. Zapisano 1 ofert do tracker.xlsx i index.html
[2026-09-24 18:16:12] Sprawdzam: https://www.otomoto.pl/osobowe/oferta/volkswagen-scirocco-ID6IeDKy.html
[2026-09-24 18:16:13] Gotowe. Zapisano 1 ofert do tracker.xlsx i index.html
[2026-09-24 19:12:30] Sprawdzam: https://www.otomoto.pl/osobowe/oferta/volkswagen-scirocco-ID6IeDKy.html
[2026-09-24 19:12:32] Gotowe. Zapisano 1 ofert do tracker.xlsx i index.html
[2026-09-24 20:14:30] Sprawdzam: https://www.otomoto.pl/osobowe/oferta/volkswagen-scirocco-ID6IeDKy.html
[2026-09-24 20:14:32] Gotowe. Zapisano 1 ofert do tracker.xlsx i index.html
[2026-09-24 21:12:59] Sprawdzam: https://www.otomoto.pl/osobowe/oferta/volkswagen-scirocco-ID6IeDKy.html
[2026-09-24 21:13:00] Gotowe. Zapisano 1 ofert do tracker.xlsx i index.html
[2026-09-24 22:13:21] Sprawdzam: https://www.otomoto.pl/osobowe/oferta/volkswagen-scirocco-ID6IeDKy.html
[2026-09-24 22:13:22] Gotowe. Zapisano 1 ofert do tracker.xlsx i index.html
[2026-09-24 23:11:56] Sprawdzam: https://www.otomoto.pl/osobowe/oferta/volkswagen-scirocco-ID6IeDKy.html
[2026-09-24 23:11:57] Gotowe. Zapisano 1 ofert do tracker.xlsx i index.html
[2026-09-25 00:19:24] Sprawdzam: https://www.otomoto.pl/osobowe/oferta/volkswagen-scirocco-ID6IeDKy.html
[2026-09-25 00:19:25] Gotowe. Zapisano 1 ofert do tracker.xlsx i index.html
[2026-09-25 01:12:00] Sprawdzam: https://www.otomoto.pl/osobowe/oferta/volkswagen-scirocco-ID6IeDKy.html
[2026-09-25 01:12:01] Gotowe. Zapisano 1 ofert do tracker.xlsx i index.html
[2026-09-25 02:12:39] Sprawdzam: https://www.otomoto.pl/osobowe/oferta/volkswagen-scirocco-ID6IeDKy.html
[2026-09-25 02:12:40] Gotowe. Zapisano 1 ofert do tracker.xlsx i index.html
[2026-09-25 03:12:38] Sprawdzam: https://www.otomoto.pl/osobowe/oferta/volkswagen-scirocco-ID6IeDKy.html
[2026-09-25 03:12:39] Gotowe. Zapisano 1 ofert do tracker.xlsx i index.html
[2026-09-25 04:14:10] Sprawdzam: https://www.otomoto.pl/osobowe/oferta/volkswagen-scirocco-ID6IeDKy.html
[2026-09-25 04:14:11] Gotowe. Zapisano 1 ofert do tracker.xlsx i index.html
[2026-09-25 05:12:27] Sprawdzam: https://www.otomoto.pl/osobowe/oferta/volkswagen-scirocco-ID6IeDKy.html
[2026-09-25 05:12:28] Gotowe. Zapisano 1 ofert do tracker.xlsx i index.html
[2026-09-25 06:16:53] Sprawdzam: https://www.otomoto.pl/osobowe/oferta/volkswagen-scirocco-ID6IeDKy.html
[2026-09-25 06:16:54] Gotowe. Zapisano 1 ofert do tracker.xlsx i index.html
[2026-09-25 07:14:12] Sprawdzam: https://www.otomoto.pl/osobowe/oferta/volkswagen-scirocco-ID6IeDKy.html
[2026-09-25 07:14:13] Gotowe. Zapisano 1 ofert do tracker.xlsx i index.html
[2026-09-25 08:14:03] Sprawdzam: https://www.otomoto.pl/osobowe/oferta/volkswagen-scirocco-ID6IeDKy.html
[2026-09-25 08:14:04] Gotowe. Zapisano 1 ofert do tracker.xlsx i index.html
[2026-09-25 09:13:44] Sprawdzam: https://www.otomoto.pl/osobowe/oferta/volkswagen-scirocco-ID6IeDKy.html
[2026-09-25 09:13:45] Gotowe. Zapisano 1 ofert do tracker.xlsx i index.html
[2026-09-25 10:13:13] Sprawdzam: https://www.otomoto.pl/osobowe/oferta/volkswagen-scirocco-ID6IeDKy.html
[2026-09-25 10:13:14] Gotowe. Zapisano 1 ofert do tracker.xlsx i index.html
[2026-09-25 11:13:27] Sprawdzam: https://www.otomoto.pl/osobowe/oferta/volkswagen-scirocco-ID6IeDKy.html
[2026-09-25 11:13:28] Gotowe. Zapisano 1 ofert do tracker.xlsx i index.html
[2026-09-25 12:17:00] Sprawdzam: https://www.otomoto.pl/osobowe/oferta/volkswagen-scirocco-ID6IeDKy.html
[2026-09-25 12:17:01] Gotowe. Zapisano 1 ofert do tracker.xlsx i index.html
[2026-09-25 13:15:01] Sprawdzam: https://www.otomoto.pl/osobowe/oferta/volkswagen-scirocco-ID6IeDKy.html
[2026-09-25 13:15:01] Gotowe. Zapisano 1 ofert do tracker.xlsx i index.html
[2026-09-25 14:14:35] Sprawdzam: https://www.otomoto.pl/osobowe/oferta/volkswagen-scirocco-ID6IeDKy.html
[2026-09-25 14:14:36] Gotowe. Zapisano 1 ofert do tracker.xlsx i index.html
[2026-09-25 15:14:37] Sprawdzam: https://www.otomoto.pl/osobowe/oferta/volkswagen-scirocco-ID6IeDKy.html
[2026-09-25 15:14:38] Gotowe. Zapisano 1 ofert do tracker.xlsx i index.html
[2026-09-25 16:14:28] Sprawdzam: https://www.otomoto.pl/osobowe/oferta/volkswagen-scirocco-ID6IeDKy.html
[2026-09-25 16:14:29] Gotowe. Zapisano 1 ofert do tracker.xlsx i index.html
[2026-09-25 17:12:30] Sprawdzam: https://www.otomoto.pl/osobowe/oferta/volkswagen-scirocco-ID6IeDKy.html
[2026-09-25 17:12:31] Gotowe. Zapisano 1 ofert do tracker.xlsx i index.html
[2026-09-25 18:14:50] Sprawdzam: https://www.otomoto.pl/osobowe/oferta/volkswagen-scirocco-ID6IeDKy.html
[2026-09-25 18:14:51] Gotowe. Zapisano 1 ofert do tracker.xlsx i index.html
[2026-09-25 19:11:17] Sprawdzam: https://www.otomoto.pl/osobowe/oferta/volkswagen-scirocco-ID6IeDKy.html
[2026-09-25 19:11:18] Gotowe. Zapisano 1 ofert do tracker.xlsx i index.html
[2026-09-25 20:12:09] Sprawdzam: https://www.otomoto.pl/osobowe/oferta/volkswagen-scirocco-ID6IeDKy.html
[2026-09-25 20:12:10] Gotowe. Zapisano 1 ofert do tracker.xlsx i index.html
[2026-09-25 21:13:09] Sprawdzam: https://www.otomoto.pl/osobowe/oferta/volkswagen-scirocco-ID6IeDKy.html
[2026-09-25 21:13:10] Gotowe. Zapisano 1 ofert do tracker.xlsx i index.html
[2026-09-25 22:12:25] Sprawdzam: https://www.otomoto.pl/osobowe/oferta/volkswagen-scirocco-ID6IeDKy.html
[2026-09-25 22:12:27] Gotowe. Zapisano 1 ofert do tracker.xlsx i index.html
[2026-09-25 23:11:39] Sprawdzam: https://www.otomoto.pl/osobowe/oferta/volkswagen-scirocco-ID6IeDKy.html
[2026-09-25 23:11:39] Gotowe. Zapisano 1 ofert do tracker.xlsx i index.html
[2026-09-26 00:17:14] Sprawdzam: https://www.otomoto.pl/osobowe/oferta/volkswagen-scirocco-ID6IeDKy.html
[2026-09-26 00:17:16] Gotowe. Zapisano 1 ofert do tracker.xlsx i index.html
[2026-09-26 01:11:14] Sprawdzam: https://www.otomoto.pl/osobowe/oferta/volkswagen-scirocco-ID6IeDKy.html
[2026-09-26 01:11:15] Gotowe. Zapisano 1 ofert do tracker.xlsx i index.html
[2026-09-26 02:12:35] Sprawdzam: https://www.otomoto.pl/osobowe/oferta/volkswagen-scirocco-ID6IeDKy.html
[2026-09-26 02:12:36] Gotowe. Zapisano 1 ofert do tracker.xlsx i index.html
[2026-09-26 03:12:10] Sprawdzam: https://www.otomoto.pl/osobowe/oferta/volkswagen-scirocco-ID6IeDKy.html
[2026-09-26 03:12:11] Gotowe. Zapisano 1 ofert do tracker.xlsx i index.html
[2026-09-26 04:12:59] Sprawdzam: https://www.otomoto.pl/osobowe/oferta/volkswagen-scirocco-ID6IeDKy.html
[2026-09-26 04:13:00] Gotowe. Zapisano 1 ofert do tracker.xlsx i index.html
[2026-09-26 05:12:20] Sprawdzam: https://www.otomoto.pl/osobowe/oferta/volkswagen-scirocco-ID6IeDKy.html
[2026-09-26 05:12:22] Gotowe. Zapisano 1 ofert do tracker.xlsx i index.html
[2026-09-26 06:16:37] Sprawdzam: https://www.otomoto.pl/osobowe/oferta/volkswagen-scirocco-ID6IeDKy.html
[2026-09-26 06:16:38] Gotowe. Zapisano 1 ofert do tracker.xlsx i index.html
[2026-09-26 07:12:11] Sprawdzam: https://www.otomoto.pl/osobowe/oferta/volkswagen-scirocco-ID6IeDKy.html
[2026-09-26 07:12:11] Gotowe. Zapisano 1 ofert do tracker.xlsx i index.html
[2026-09-26 08:14:08] Sprawdzam: https://www.otomoto.pl/osobowe/oferta/volkswagen-scirocco-ID6IeDKy.html
[2026-09-26 08:14:09] Gotowe. Zapisano 1 ofert do tracker.xlsx i index.html
[2026-09-26 09:12:29] Sprawdzam: https://www.otomoto.pl/osobowe/oferta/volkswagen-scirocco-ID6IeDKy.html
[2026-09-26 09:12:30] Gotowe. Zapisano 1 ofert do tracker.xlsx i index.html
[2026-09-26 10:12:23] Sprawdzam: https://www.otomoto.pl/osobowe/oferta/volkswagen-scirocco-ID6IeDKy.html
[2026-09-26 10:12:23] Gotowe. Zapisano 1 ofert do tracker.xlsx i index.html
[2026-09-26 11:12:06] Sprawdzam: https://www.otomoto.pl/osobowe/oferta/volkswagen-scirocco-ID6IeDKy.html
[2026-09-26 11:12:08] Gotowe. Zapisano 1 ofert do tracker.xlsx i index.html
[2026-09-26 12:15:48] Sprawdzam: https://www.otomoto.pl/osobowe/oferta/volkswagen-scirocco-ID6IeDKy.html
[2026-09-26 12:15:48] Gotowe. Zapisano 1 ofert do tracker.xlsx i index.html
[2026-09-26 13:11:59] Sprawdzam: https://www.otomoto.pl/osobowe/oferta/volkswagen-scirocco-ID6IeDKy.html
[2026-09-26 13:12:00] Gotowe. Zapisano 1 ofert do tracker.xlsx i index.html
[2026-09-26 14:12:41] Sprawdzam: https://www.otomoto.pl/osobowe/oferta/volkswagen-scirocco-ID6IeDKy.html
[2026-09-26 14:12:42] Gotowe. Zapisano 1 ofert do tracker.xlsx i index.html
[2026-09-26 15:12:14] Sprawdzam: https://www.otomoto.pl/osobowe/oferta/volkswagen-scirocco-ID6IeDKy.html
[2026-09-26 15:12:15] Gotowe. Zapisano 1 ofert do tracker.xlsx i index.html
[2026-09-26 16:12:56] Sprawdzam: https://www.otomoto.pl/osobowe/oferta/volkswagen-scirocco-ID6IeDKy.html
[2026-09-26 16:12:57] Gotowe. Zapisano 1 ofert do tracker.xlsx i index.html
[2026-09-26 17:11:46] Sprawdzam: https://www.otomoto.pl/osobowe/oferta/volkswagen-scirocco-ID6IeDKy.html
[2026-09-26 17:11:47] Gotowe. Zapisano 1 ofert do tracker.xlsx i index.html
[2026-09-26 18:14:45] Sprawdzam: https://www.otomoto.pl/osobowe/oferta/volkswagen-scirocco-ID6IeDKy.html
[2026-09-26 18:14:46] Gotowe. Zapisano 1 ofert do tracker.xlsx i index.html
[2026-09-26 19:11:10] Sprawdzam: https://www.otomoto.pl/osobowe/oferta/volkswagen-scirocco-ID6IeDKy.html
[2026-09-26 19:11:11] Gotowe. Zapisano 1 ofert do tracker.xlsx i index.html
[2026-09-26 20:12:04] Sprawdzam: https://www.otomoto.pl/osobowe/oferta/volkswagen-scirocco-ID6IeDKy.html
[2026-09-26 20:12:05] Gotowe. Zapisano 1 ofert do tracker.xlsx i index.html
[2026-09-26 21:12:33] Sprawdzam: https://www.otomoto.pl/osobowe/oferta/volkswagen-scirocco-ID6IeDKy.html
[2026-09-26 21:12:34] Gotowe. Zapisano 1 ofert do tracker.xlsx i index.html
[2026-09-26 22:12:18] Sprawdzam: https://www.otomoto.pl/osobowe/oferta/volkswagen-scirocco-ID6IeDKy.html
[2026-09-26 22:12:19] Gotowe. Zapisano 1 ofert do tracker.xlsx i index.html
[2026-09-26 23:12:05] Sprawdzam: https://www.otomoto.pl/osobowe/oferta/volkswagen-scirocco-ID6IeDKy.html
[2026-09-26 23:12:06] Gotowe. Zapisano 1 ofert do tracker.xlsx i index.html
[2026-09-27 00:19:13] Sprawdzam: https://www.otomoto.pl/osobowe/oferta/volkswagen-scirocco-ID6IeDKy.html
[2026-09-27 00:19:14] Gotowe. Zapisano 1 ofert do tracker.xlsx i index.html
[2026-09-27 01:12:20] Sprawdzam: https://www.otomoto.pl/osobowe/oferta/volkswagen-scirocco-ID6IeDKy.html
[2026-09-27 01:12:20] Gotowe. Zapisano 1 ofert do tracker.xlsx i index.html
[2026-09-27 02:12:35] Sprawdzam: https://www.otomoto.pl/osobowe/oferta/volkswagen-scirocco-ID6IeDKy.html
[2026-09-27 02:12:36] Gotowe. Zapisano 1 ofert do tracker.xlsx i index.html
[2026-09-27 03:13:10] Sprawdzam: https://www.otomoto.pl/osobowe/oferta/volkswagen-scirocco-ID6IeDKy.html
[2026-09-27 03:13:10] Gotowe. Zapisano 1 ofert do tracker.xlsx i index.html
[2026-09-27 04:13:09] Sprawdzam: https://www.otomoto.pl/osobowe/oferta/volkswagen-scirocco-ID6IeDKy.html
[2026-09-27 04:13:10] Gotowe. Zapisano 1 ofert do tracker.xlsx i index.html
[2026-09-27 05:11:52] Sprawdzam: https://www.otomoto.pl/osobowe/oferta/volkswagen-scirocco-ID6IeDKy.html
[2026-09-27 05:11:53] Gotowe. Zapisano 1 ofert do tracker.xlsx i index.html
[2026-09-27 06:16:45] Sprawdzam: https://www.otomoto.pl/osobowe/oferta/volkswagen-scirocco-ID6IeDKy.html
[2026-09-27 06:16:47] Gotowe. Zapisano 1 ofert do tracker.xlsx i index.html
[2026-09-27 07:13:00] Sprawdzam: https://www.otomoto.pl/osobowe/oferta/volkswagen-scirocco-ID6IeDKy.html
[2026-09-27 07:13:01] Gotowe. Zapisano 1 ofert do tracker.xlsx i index.html
[2026-09-27 08:13:17] Sprawdzam: https://www.otomoto.pl/osobowe/oferta/volkswagen-scirocco-ID6IeDKy.html
[2026-09-27 08:13:17] Gotowe. Zapisano 1 ofert do tracker.xlsx i index.html
[2026-09-27 09:12:42] Sprawdzam: https://www.otomoto.pl/osobowe/oferta/volkswagen-scirocco-ID6IeDKy.html
[2026-09-27 09:12:43] Gotowe. Zapisano 1 ofert do tracker.xlsx i index.html
[2026-09-27 10:12:33] Sprawdzam: https://www.otomoto.pl/osobowe/oferta/volkswagen-scirocco-ID6IeDKy.html
[2026-09-27 10:12:34] Gotowe. Zapisano 1 ofert do tracker.xlsx i index.html
[2026-09-27 11:12:32] Sprawdzam: https://www.otomoto.pl/osobowe/oferta/volkswagen-scirocco-ID6IeDKy.html
[2026-09-27 11:12:34] Gotowe. Zapisano 1 ofert do tracker.xlsx i index.html
[2026-09-27 12:16:53] Sprawdzam: https://www.otomoto.pl/osobowe/oferta/volkswagen-scirocco-ID6IeDKy.html
[2026-09-27 12:16:54] Gotowe. Zapisano 1 ofert do tracker.xlsx i index.html
[2026-09-27 13:12:04] Sprawdzam: https://www.otomoto.pl/osobowe/oferta/volkswagen-scirocco-ID6IeDKy.html
[2026-09-27 13:12:05] Gotowe. Zapisano 1 ofert do tracker.xlsx i index.html
[2026-09-27 14:11:59] Sprawdzam: https://www.otomoto.pl/osobowe/oferta/volkswagen-scirocco-ID6IeDKy.html
[2026-09-27 14:12:01] Gotowe. Zapisano 1 ofert do tracker.xlsx i index.html
[2026-09-27 15:13:02] Sprawdzam: https://www.otomoto.pl/osobowe/oferta/volkswagen-scirocco-ID6IeDKy.html
[2026-09-27 15:13:03] Gotowe. Zapisano 1 ofert do tracker.xlsx i index.html
[2026-09-27 16:12:55] Sprawdzam: https://www.otomoto.pl/osobowe/oferta/volkswagen-scirocco-ID6IeDKy.html
[2026-09-27 16:12:56] Gotowe. Zapisano 1 ofert do tracker.xlsx i index.html
[2026-09-27 17:11:44] Sprawdzam: https://www.otomoto.pl/osobowe/oferta/volkswagen-scirocco-ID6IeDKy.html
[2026-09-27 17:11:45] Gotowe. Zapisano 1 ofert do tracker.xlsx i index.html
[2026-09-27 18:15:01] Sprawdzam: https://www.otomoto.pl/osobowe/oferta/volkswagen-scirocco-ID6IeDKy.html
[2026-09-27 18:15:02] Gotowe. Zapisano 1 ofert do tracker.xlsx i index.html
[2026-09-27 19:10:54] Sprawdzam: https://www.otomoto.pl/osobowe/oferta/volkswagen-scirocco-ID6IeDKy.html
[2026-09-27 19:10:55] Gotowe. Zapisano 1 ofert do tracker.xlsx i index.html
[2026-09-27 20:12:51] Sprawdzam: https://www.otomoto.pl/osobowe/oferta/volkswagen-scirocco-ID6IeDKy.html
[2026-09-27 20:12:52] Gotowe. Zapisano 1 ofert do tracker.xlsx i index.html
[2026-09-27 21:12:32] Sprawdzam: https://www.otomoto.pl/osobowe/oferta/volkswagen-scirocco-ID6IeDKy.html
[2026-09-27 21:12:33] Gotowe. Zapisano 1 ofert do tracker.xlsx i index.html
[2026-09-27 22:12:11] Sprawdzam: https://www.otomoto.pl/osobowe/oferta/volkswagen-scirocco-ID6IeDKy.html
[2026-09-27 22:12:12] Gotowe. Zapisano 1 ofert do tracker.xlsx i index.html
[2026-09-27 23:12:15] Sprawdzam: https://www.otomoto.pl/osobowe/oferta/volkswagen-scirocco-ID6IeDKy.html
[2026-09-27 23:12:16] Gotowe. Zapisano 1 ofert do tracker.xlsx i index.html
[2026-09-28 00:20:30] Sprawdzam: https://www.otomoto.pl/osobowe/oferta/volkswagen-scirocco-ID6IeDKy.html
[2026-09-28 00:20:30] Gotowe. Zapisano 1 ofert do tracker.xlsx i index.html
[2026-09-28 01:13:11] Sprawdzam: https://www.otomoto.pl/osobowe/oferta/volkswagen-scirocco-ID6IeDKy.html
[2026-09-28 01:13:13] Gotowe. Zapisano 1 ofert do tracker.xlsx i index.html
[2026-09-28 02:13:05] Sprawdzam: https://www.otomoto.pl/osobowe/oferta/volkswagen-scirocco-ID6IeDKy.html
[2026-09-28 02:13:06] Gotowe. Zapisano 1 ofert do tracker.xlsx i index.html
[2026-09-28 03:14:28] Sprawdzam: https://www.otomoto.pl/osobowe/oferta/volkswagen-scirocco-ID6IeDKy.html
[2026-09-28 03:14:29] Gotowe. Zapisano 1 ofert do tracker.xlsx i index.html
[2026-09-28 04:14:16] Sprawdzam: https://www.otomoto.pl/osobowe/oferta/volkswagen-scirocco-ID6IeDKy.html
[2026-09-28 04:14:17] Gotowe. Zapisano 1 ofert do tracker.xlsx i index.html
[2026-09-28 05:14:01] Sprawdzam: https://www.otomoto.pl/osobowe/oferta/volkswagen-scirocco-ID6IeDKy.html
[2026-09-28 05:14:02] Gotowe. Zapisano 1 ofert do tracker.xlsx i index.html
[2026-09-28 06:19:25] Sprawdzam: https://www.otomoto.pl/osobowe/oferta/volkswagen-scirocco-ID6IeDKy.html
[2026-09-28 06:19:26] Gotowe. Zapisano 1 ofert do tracker.xlsx i index.html
[2026-09-28 07:15:32] Sprawdzam: https://www.otomoto.pl/osobowe/oferta/volkswagen-scirocco-ID6IeDKy.html
[2026-09-28 07:15:36] Gotowe. Zapisano 1 ofert do tracker.xlsx i index.html
[2026-09-28 08:16:27] Sprawdzam: https://www.otomoto.pl/osobowe/oferta/volkswagen-scirocco-ID6IeDKy.html
[2026-09-28 08:16:28] Gotowe. Zapisano 1 ofert do tracker.xlsx i index.html
[2026-09-28 09:16:05] Sprawdzam: https://www.otomoto.pl/osobowe/oferta/volkswagen-scirocco-ID6IeDKy.html
[2026-09-28 09:16:06] Gotowe. Zapisano 1 ofert do tracker.xlsx i index.html
[2026-09-28 10:14:40] Sprawdzam: https://www.otomoto.pl/osobowe/oferta/volkswagen-scirocco-ID6IeDKy.html
[2026-09-28 10:14:41] Gotowe. Zapisano 1 ofert do tracker.xlsx i index.html
[2026-09-28 11:13:35] Sprawdzam: https://www.otomoto.pl/osobowe/oferta/volkswagen-scirocco-ID6IeDKy.html
[2026-09-28 11:13:36] Gotowe. Zapisano 1 ofert do tracker.xlsx i index.html
[2026-09-28 12:18:23] Sprawdzam: https://www.otomoto.pl/osobowe/oferta/volkswagen-scirocco-ID6IeDKy.html
[2026-09-28 12:18:24] Gotowe. Zapisano 1 ofert do tracker.xlsx i index.html
[2026-09-28 13:14:59] Sprawdzam: https://www.otomoto.pl/osobowe/oferta/volkswagen-scirocco-ID6IeDKy.html
[2026-09-28 13:15:00] Gotowe. Zapisano 1 ofert do tracker.xlsx i index.html
[2026-09-28 14:15:18] Sprawdzam: https://www.otomoto.pl/osobowe/oferta/volkswagen-scirocco-ID6IeDKy.html
[2026-09-28 14:15:19] Gotowe. Zapisano 1 ofert do tracker.xlsx i index.html
[2026-09-28 15:16:03] Sprawdzam: https://www.otomoto.pl/osobowe/oferta/volkswagen-scirocco-ID6IeDKy.html
[2026-09-28 15:16:04] Gotowe. Zapisano 1 ofert do tracker.xlsx i index.html
[2026-09-28 16:15:47] Sprawdzam: https://www.otomoto.pl/osobowe/oferta/volkswagen-scirocco-ID6IeDKy.html
[2026-09-28 16:15:48] Gotowe. Zapisano 1 ofert do tracker.xlsx i index.html
[2026-09-28 17:13:24] Sprawdzam: https://www.otomoto.pl/osobowe/oferta/volkswagen-scirocco-ID6IeDKy.html
[2026-09-28 17:13:25] Gotowe. Zapisano 1 ofert do tracker.xlsx i index.html
[2026-09-28 18:16:12] Sprawdzam: https://www.otomoto.pl/osobowe/oferta/volkswagen-scirocco-ID6IeDKy.html
[2026-09-28 18:16:16] Gotowe. Zapisano 1 ofert do tracker.xlsx i index.html
[2026-09-28 19:13:03] Sprawdzam: https://www.otomoto.pl/osobowe/oferta/volkswagen-scirocco-ID6IeDKy.html
[2026-09-28 19:13:04] Gotowe. Zapisano 1 ofert do tracker.xlsx i index.html
[2026-09-28 20:12:37] Sprawdzam: https://www.otomoto.pl/osobowe/oferta/volkswagen-scirocco-ID6IeDKy.html
[2026-09-28 20:12:38] Gotowe. Zapisano 1 ofert do tracker.xlsx i index.html
[2026-09-28 21:13:37] Sprawdzam: https://www.otomoto.pl/osobowe/oferta/volkswagen-scirocco-ID6IeDKy.html
[2026-09-28 21:13:38] Gotowe. Zapisano 1 ofert do tracker.xlsx i index.html
[2026-09-28 22:13:24] Sprawdzam: https://www.otomoto.pl/osobowe/oferta/volkswagen-scirocco-ID6IeDKy.html
[2026-09-28 22:13:25] Gotowe. Zapisano 1 ofert do tracker.xlsx i index.html
[2026-09-28 23:12:20] Sprawdzam: https://www.otomoto.pl/osobowe/oferta/volkswagen-scirocco-ID6IeDKy.html
[2026-09-28 23:12:20] Gotowe. Zapisano 1 ofert do tracker.xlsx i index.html
[2026-09-29 00:19:08] Sprawdzam: https://www.otomoto.pl/osobowe/oferta/volkswagen-scirocco-ID6IeDKy.html
[2026-09-29 00:19:09] Gotowe. Zapisano 1 ofert do tracker.xlsx i index.html
[2026-09-29 01:13:53] Sprawdzam: https://www.otomoto.pl/osobowe/oferta/volkswagen-scirocco-ID6IeDKy.html
[2026-09-29 01:13:53] Gotowe. Zapisano 1 ofert do tracker.xlsx i index.html
[2026-09-29 02:12:42] Sprawdzam: https://www.otomoto.pl/osobowe/oferta/volkswagen-scirocco-ID6IeDKy.html
[2026-09-29 02:12:43] Gotowe. Zapisano 1 ofert do tracker.xlsx i index.html
[2026-09-29 03:13:57] Sprawdzam: https://www.otomoto.pl/osobowe/oferta/volkswagen-scirocco-ID6IeDKy.html
[2026-09-29 03:13:58] Gotowe. Zapisano 1 ofert do tracker.xlsx i index.html
[2026-09-29 04:14:20] Sprawdzam: https://www.otomoto.pl/osobowe/oferta/volkswagen-scirocco-ID6IeDKy.html
[2026-09-29 04:14:21] Gotowe. Zapisano 1 ofert do tracker.xlsx i index.html
[2026-09-29 05:13:24] Sprawdzam: https://www.otomoto.pl/osobowe/oferta/volkswagen-scirocco-ID6IeDKy.html
[2026-09-29 05:13:25] Gotowe. Zapisano 1 ofert do tracker.xlsx i index.html
[2026-09-29 06:17:22] Sprawdzam: https://www.otomoto.pl/osobowe/oferta/volkswagen-scirocco-ID6IeDKy.html
[2026-09-29 06:17:23] Gotowe. Zapisano 1 ofert do tracker.xlsx i index.html
[2026-09-29 07:15:27] Sprawdzam: https://www.otomoto.pl/osobowe/oferta/volkswagen-scirocco-ID6IeDKy.html
[2026-09-29 07:15:28] Gotowe. Zapisano 1 ofert do tracker.xlsx i index.html
[2026-09-29 08:16:14] Sprawdzam: https://www.otomoto.pl/osobowe/oferta/volkswagen-scirocco-ID6IeDKy.html
[2026-09-29 08:16:15] Gotowe. Zapisano 1 ofert do tracker.xlsx i index.html
[2026-09-29 09:15:25] Sprawdzam: https://www.otomoto.pl/osobowe/oferta/volkswagen-scirocco-ID6IeDKy.html
[2026-09-29 09:15:26] Gotowe. Zapisano 1 ofert do tracker.xlsx i index.html
[2026-09-29 10:14:22] Sprawdzam: https://www.otomoto.pl/osobowe/oferta/volkswagen-scirocco-ID6IeDKy.html
[2026-09-29 10:14:23] Gotowe. Zapisano 1 ofert do tracker.xlsx i index.html
[2026-09-29 11:13:28] Sprawdzam: https://www.otomoto.pl/osobowe/oferta/volkswagen-scirocco-ID6IeDKy.html
[2026-09-29 11:13:28] Gotowe. Zapisano 1 ofert do tracker.xlsx i index.html
[2026-09-29 12:18:06] Sprawdzam: https://www.otomoto.pl/osobowe/oferta/volkswagen-scirocco-ID6IeDKy.html
[2026-09-29 12:18:07] Gotowe. Zapisano 1 ofert do tracker.xlsx i index.html
[2026-09-29 13:16:41] Sprawdzam: https://www.otomoto.pl/osobowe/oferta/volkswagen-scirocco-ID6IeDKy.html
[2026-09-29 13:16:41] Gotowe. Zapisano 1 ofert do tracker.xlsx i index.html
[2026-09-29 14:14:51] Sprawdzam: https://www.otomoto.pl/osobowe/oferta/volkswagen-scirocco-ID6IeDKy.html
[2026-09-29 14:14:52] Gotowe. Zapisano 1 ofert do tracker.xlsx i index.html
[2026-09-29 15:16:08] Sprawdzam: https://www.otomoto.pl/osobowe/oferta/volkswagen-scirocco-ID6IeDKy.html
[2026-09-29 15:16:08] Gotowe. Zapisano 1 ofert do tracker.xlsx i index.html
[2026-09-29 16:15:21] Sprawdzam: https://www.otomoto.pl/osobowe/oferta/volkswagen-scirocco-ID6IeDKy.html
[2026-09-29 16:15:22] Gotowe. Zapisano 1 ofert do tracker.xlsx i index.html
[2026-09-29 17:12:23] Sprawdzam: https://www.otomoto.pl/osobowe/oferta/volkswagen-scirocco-ID6IeDKy.html
[2026-09-29 17:12:24] Gotowe. Zapisano 1 ofert do tracker.xlsx i index.html
[2026-09-29 18:16:55] Sprawdzam: https://www.otomoto.pl/osobowe/oferta/volkswagen-scirocco-ID6IeDKy.html
[2026-09-29 18:16:57] Gotowe. Zapisano 1 ofert do tracker.xlsx i index.html
[2026-09-29 19:13:58] Sprawdzam: https://www.otomoto.pl/osobowe/oferta/volkswagen-scirocco-ID6IeDKy.html
[2026-09-29 19:13:59] Gotowe. Zapisano 1 ofert do tracker.xlsx i index.html
[2026-09-29 20:14:41] Sprawdzam: https://www.otomoto.pl/osobowe/oferta/volkswagen-scirocco-ID6IeDKy.html
[2026-09-29 20:14:42] Gotowe. Zapisano 1 ofert do tracker.xlsx i index.html
[2026-09-29 21:13:34] Sprawdzam: https://www.otomoto.pl/osobowe/oferta/volkswagen-scirocco-ID6IeDKy.html
[2026-09-29 21:13:35] Gotowe. Zapisano 1 ofert do tracker.xlsx i index.html
[2026-09-29 22:13:27] Sprawdzam: https://www.otomoto.pl/osobowe/oferta/volkswagen-scirocco-ID6IeDKy.html
[2026-09-29 22:13:28] Gotowe. Zapisano 1 ofert do tracker.xlsx i index.html
[2026-09-29 23:12:18] Sprawdzam: https://www.otomoto.pl/osobowe/oferta/volkswagen-scirocco-ID6IeDKy.html
[2026-09-29 23:12:19] Gotowe. Zapisano 1 ofert do tracker.xlsx i index.html
[2026-09-30 00:19:51] Sprawdzam: https://www.otomoto.pl/osobowe/oferta/volkswagen-scirocco-ID6IeDKy.html
[2026-09-30 00:19:53] Gotowe. Zapisano 1 ofert do tracker.xlsx i index.html
[2026-09-30 01:14:13] Sprawdzam: https://www.otomoto.pl/osobowe/oferta/volkswagen-scirocco-ID6IeDKy.html
[2026-09-30 01:14:14] Gotowe. Zapisano 1 ofert do tracker.xlsx i index.html
[2026-09-30 02:13:31] Sprawdzam: https://www.otomoto.pl/osobowe/oferta/volkswagen-scirocco-ID6IeDKy.html
[2026-09-30 02:13:32] Gotowe. Zapisano 1 ofert do tracker.xlsx i index.html
[2026-09-30 03:14:32] Sprawdzam: https://www.otomoto.pl/osobowe/oferta/volkswagen-scirocco-ID6IeDKy.html
[2026-09-30 03:14:32] Gotowe. Zapisano 1 ofert do tracker.xlsx i index.html
[2026-09-30 04:14:45] Sprawdzam: https://www.otomoto.pl/osobowe/oferta/volkswagen-scirocco-ID6IeDKy.html
[2026-09-30 04:14:46] Gotowe. Zapisano 1 ofert do tracker.xlsx i index.html
[2026-09-30 05:14:16] Sprawdzam: https://www.otomoto.pl/osobowe/oferta/volkswagen-scirocco-ID6IeDKy.html
[2026-09-30 05:14:17] Gotowe. Zapisano 1 ofert do tracker.xlsx i index.html
[2026-09-30 06:17:57] Sprawdzam: https://www.otomoto.pl/osobowe/oferta/volkswagen-scirocco-ID6IeDKy.html
[2026-09-30 06:17:58] Gotowe. Zapisano 1 ofert do tracker.xlsx i index.html
[2026-09-30 07:15:36] Sprawdzam: https://www.otomoto.pl/osobowe/oferta/volkswagen-scirocco-ID6IeDKy.html
[2026-09-30 07:15:37] Gotowe. Zapisano 1 ofert do tracker.xlsx i index.html
[2026-09-30 08:16:00] Sprawdzam: https://www.otomoto.pl/osobowe/oferta/volkswagen-scirocco-ID6IeDKy.html
[2026-09-30 08:16:01] Gotowe. Zapisano 1 ofert do tracker.xlsx i index.html
[2026-09-30 09:14:07] Sprawdzam: https://www.otomoto.pl/osobowe/oferta/volkswagen-scirocco-ID6IeDKy.html
[2026-09-30 09:14:08] Gotowe. Zapisano 1 ofert do tracker.xlsx i index.html
[2026-09-30 10:15:05] Sprawdzam: https://www.otomoto.pl/osobowe/oferta/volkswagen-scirocco-ID6IeDKy.html
[2026-09-30 10:15:05] Gotowe. Zapisano 1 ofert do tracker.xlsx i index.html
[2026-09-30 11:13:13] Sprawdzam: https://www.otomoto.pl/osobowe/oferta/volkswagen-scirocco-ID6IeDKy.html
[2026-09-30 11:13:14] Gotowe. Zapisano 1 ofert do tracker.xlsx i index.html
[2026-09-30 12:19:06] Sprawdzam: https://www.otomoto.pl/osobowe/oferta/volkswagen-scirocco-ID6IeDKy.html
[2026-09-30 12:19:07] Gotowe. Zapisano 1 ofert do tracker.xlsx i index.html
[2026-09-30 13:17:19] Sprawdzam: https://www.otomoto.pl/osobowe/oferta/volkswagen-scirocco-ID6IeDKy.html
[2026-09-30 13:17:19] Gotowe. Zapisano 1 ofert do tracker.xlsx i index.html
[2026-09-30 14:17:01] Sprawdzam: https://www.otomoto.pl/osobowe/oferta/volkswagen-scirocco-ID6IeDKy.html
[2026-09-30 14:17:02] Gotowe. Zapisano 1 ofert do tracker.xlsx i index.html
[2026-09-30 15:17:58] Sprawdzam: https://www.otomoto.pl/osobowe/oferta/volkswagen-scirocco-ID6IeDKy.html
[2026-09-30 15:17:59] Gotowe. Zapisano 1 ofert do tracker.xlsx i index.html
[2026-09-30 16:16:19] Sprawdzam: https://www.otomoto.pl/osobowe/oferta/volkswagen-scirocco-ID6IeDKy.html
[2026-09-30 16:16:20] Gotowe. Zapisano 1 ofert do tracker.xlsx i index.html
[2026-09-30 17:14:01] Sprawdzam: https://www.otomoto.pl/osobowe/oferta/volkswagen-scirocco-ID6IeDKy.html
[2026-09-30 17:14:04] Gotowe. Zapisano 1 ofert do tracker.xlsx i index.html
[2026-09-30 18:15:59] Sprawdzam: https://www.otomoto.pl/osobowe/oferta/volkswagen-scirocco-ID6IeDKy.html
[2026-09-30 18:16:01] Gotowe. Zapisano 1 ofert do tracker.xlsx i index.html
[2026-09-30 19:14:57] Sprawdzam: https://www.otomoto.pl/osobowe/oferta/volkswagen-scirocco-ID6IeDKy.html
[2026-09-30 19:14:58] Gotowe. Zapisano 1 ofert do tracker.xlsx i index.html
[2026-09-30 20:15:14] Sprawdzam: https://www.otomoto.pl/osobowe/oferta/volkswagen-scirocco-ID6IeDKy.html
[2026-09-30 20:15:15] Gotowe. Zapisano 1 ofert do tracker.xlsx i index.html
[2026-09-30 21:13:59] Sprawdzam: https://www.otomoto.pl/osobowe/oferta/volkswagen-scirocco-ID6IeDKy.html
[2026-09-30 21:14:00] Gotowe. Zapisano 1 ofert do tracker.xlsx i index.html
[2026-09-30 22:13:51] Sprawdzam: https://www.otomoto.pl/osobowe/oferta/volkswagen-scirocco-ID6IeDKy.html
[2026-09-30 22:13:52] Gotowe. Zapisano 1 ofert do tracker.xlsx i index.html
[2026-09-30 23:12:10] Sprawdzam: https://www.otomoto.pl/osobowe/oferta/volkswagen-scirocco-ID6IeDKy.html
[2026-09-30 23:12:10] Gotowe. Zapisano 1 ofert do tracker.xlsx i index.html
[2026-10-01 00:20:46] Sprawdzam: https://www.otomoto.pl/osobowe/oferta/volkswagen-scirocco-ID6IeDKy.html
[2026-10-01 00:20:47] Gotowe. Zapisano 1 ofert do tracker.xlsx i index.html
[2026-10-01 01:14:59] Sprawdzam: https://www.otomoto.pl/osobowe/oferta/volkswagen-scirocco-ID6IeDKy.html
[2026-10-01 01:15:00] Gotowe. Zapisano 1 ofert do tracker.xlsx i index.html
[2026-10-01 02:14:02] Sprawdzam: https://www.otomoto.pl/osobowe/oferta/volkswagen-scirocco-ID6IeDKy.html
[2026-10-01 02:14:03] Gotowe. Zapisano 1 ofert do tracker.xlsx i index.html
[2026-10-01 03:14:57] Sprawdzam: https://www.otomoto.pl/osobowe/oferta/volkswagen-scirocco-ID6IeDKy.html
[2026-10-01 03:14:57] Gotowe. Zapisano 1 ofert do tracker.xlsx i index.html
[2026-10-01 04:14:47] Sprawdzam: https://www.otomoto.pl/osobowe/oferta/volkswagen-scirocco-ID6IeDKy.html
[2026-10-01 04:14:48] Gotowe. Zapisano 1 ofert do tracker.xlsx i index.html
[2026-10-01 05:14:16] Sprawdzam: https://www.otomoto.pl/osobowe/oferta/volkswagen-scirocco-ID6IeDKy.html
[2026-10-01 05:14:17] Gotowe. Zapisano 1 ofert do tracker.xlsx i index.html
[2026-10-01 06:19:32] Sprawdzam: https://www.otomoto.pl/osobowe/oferta/volkswagen-scirocco-ID6IeDKy.html
[2026-10-01 06:19:33] Gotowe. Zapisano 1 ofert do tracker.xlsx i index.html
[2026-10-01 07:16:13] Sprawdzam: https://www.otomoto.pl/osobowe/oferta/volkswagen-scirocco-ID6IeDKy.html
[2026-10-01 07:16:14] Gotowe. Zapisano 1 ofert do tracker.xlsx i index.html
[2026-10-01 08:15:55] Sprawdzam: https://www.otomoto.pl/osobowe/oferta/volkswagen-scirocco-ID6IeDKy.html
[2026-10-01 08:15:56] Gotowe. Zapisano 1 ofert do tracker.xlsx i index.html
[2026-10-01 09:15:46] Sprawdzam: https://www.otomoto.pl/osobowe/oferta/volkswagen-scirocco-ID6IeDKy.html
[2026-10-01 09:15:47] Gotowe. Zapisano 1 ofert do tracker.xlsx i index.html
[2026-10-01 10:15:38] Sprawdzam: https://www.otomoto.pl/osobowe/oferta/volkswagen-scirocco-ID6IeDKy.html
[2026-10-01 10:15:40] Gotowe. Zapisano 1 ofert do tracker.xlsx i index.html
[2026-10-01 11:14:02] Sprawdzam: https://www.otomoto.pl/osobowe/oferta/volkswagen-scirocco-ID6IeDKy.html
[2026-10-01 11:14:04] Gotowe. Zapisano 1 ofert do tracker.xlsx i index.html
[2026-10-01 12:19:03] Sprawdzam: https://www.otomoto.pl/osobowe/oferta/volkswagen-scirocco-ID6IeDKy.html
[2026-10-01 12:19:04] Gotowe. Zapisano 1 ofert do tracker.xlsx i index.html
[2026-10-01 13:18:03] Sprawdzam: https://www.otomoto.pl/osobowe/oferta/volkswagen-scirocco-ID6IeDKy.html
[2026-10-01 13:18:04] Gotowe. Zapisano 1 ofert do tracker.xlsx i index.html
[2026-10-01 14:16:36] Sprawdzam: https://www.otomoto.pl/osobowe/oferta/volkswagen-scirocco-ID6IeDKy.html
[2026-10-01 14:16:37] Gotowe. Zapisano 1 ofert do tracker.xlsx i index.html
[2026-10-01 15:14:41] Sprawdzam: https://www.otomoto.pl/osobowe/oferta/volkswagen-scirocco-ID6IeDKy.html
[2026-10-01 15:14:43] Gotowe. Zapisano 1 ofert do tracker.xlsx i index.html
[2026-10-01 16:13:56] Sprawdzam: https://www.otomoto.pl/osobowe/oferta/volkswagen-scirocco-ID6IeDKy.html
[2026-10-01 16:13:57] Gotowe. Zapisano 1 ofert do tracker.xlsx i index.html
[2026-10-01 17:14:39] Sprawdzam: https://www.otomoto.pl/osobowe/oferta/volkswagen-scirocco-ID6IeDKy.html
[2026-10-01 17:14:40] Gotowe. Zapisano 1 ofert do tracker.xlsx i index.html
[2026-10-01 18:18:09] Sprawdzam: https://www.otomoto.pl/osobowe/oferta/volkswagen-scirocco-ID6IeDKy.html
[2026-10-01 18:18:10] Gotowe. Zapisano 1 ofert do tracker.xlsx i index.html
[2026-10-01 19:14:44] Sprawdzam: https://www.otomoto.pl/osobowe/oferta/volkswagen-scirocco-ID6IeDKy.html
[2026-10-01 19:14:45] Gotowe. Zapisano 1 ofert do tracker.xlsx i index.html
[2026-10-01 20:14:36] Sprawdzam: https://www.otomoto.pl/osobowe/oferta/volkswagen-scirocco-ID6IeDKy.html
[2026-10-01 20:14:37] Gotowe. Zapisano 1 ofert do tracker.xlsx i index.html
[2026-10-01 21:13:36] Sprawdzam: https://www.otomoto.pl/osobowe/oferta/volkswagen-scirocco-ID6IeDKy.html
[2026-10-01 21:13:37] Gotowe. Zapisano 1 ofert do tracker.xlsx i index.html
[2026-10-01 22:12:37] Sprawdzam: https://www.otomoto.pl/osobowe/oferta/volkswagen-scirocco-ID6IeDKy.html
[2026-10-01 22:12:37] Gotowe. Zapisano 1 ofert do tracker.xlsx i index.html
[2026-10-01 23:11:27] Sprawdzam: https://www.otomoto.pl/osobowe/oferta/volkswagen-scirocco-ID6IeDKy.html
[2026-10-01 23:11:28] Gotowe. Zapisano 1 ofert do tracker.xlsx i index.html
[2026-10-02 00:19:40] Sprawdzam: https://www.otomoto.pl/osobowe/oferta/volkswagen-scirocco-ID6IeDKy.html
[2026-10-02 00:19:41] Gotowe. Zapisano 1 ofert do tracker.xlsx i index.html
[2026-10-02 01:14:14] Sprawdzam: https://www.otomoto.pl/osobowe/oferta/volkswagen-scirocco-ID6IeDKy.html
[2026-10-02 01:14:15] Gotowe. Zapisano 1 ofert do tracker.xlsx i index.html
[2026-10-02 02:13:41] Sprawdzam: https://www.otomoto.pl/osobowe/oferta/volkswagen-scirocco-ID6IeDKy.html
[2026-10-02 02:13:42] Gotowe. Zapisano 1 ofert do tracker.xlsx i index.html
[2026-10-02 03:14:51] Sprawdzam: https://www.otomoto.pl/osobowe/oferta/volkswagen-scirocco-ID6IeDKy.html
[2026-10-02 03:14:52] Gotowe. Zapisano 1 ofert do tracker.xlsx i index.html
[2026-10-02 04:14:27] Sprawdzam: https://www.otomoto.pl/osobowe/oferta/volkswagen-scirocco-ID6IeDKy.html
[2026-10-02 04:14:28] Gotowe. Zapisano 1 ofert do tracker.xlsx i index.html
[2026-10-02 05:13:50] Sprawdzam: https://www.otomoto.pl/osobowe/oferta/volkswagen-scirocco-ID6IeDKy.html
[2026-10-02 05:13:51] Gotowe. Zapisano 1 ofert do tracker.xlsx i index.html
[2026-10-02 06:17:55] Sprawdzam: https://www.otomoto.pl/osobowe/oferta/volkswagen-scirocco-ID6IeDKy.html
[2026-10-02 06:17:56] Gotowe. Zapisano 1 ofert do tracker.xlsx i index.html
[2026-10-02 07:15:23] Sprawdzam: https://www.otomoto.pl/osobowe/oferta/volkswagen-scirocco-ID6IeDKy.html
[2026-10-02 07:15:23] Gotowe. Zapisano 1 ofert do tracker.xlsx i index.html
[2026-10-02 08:15:15] Sprawdzam: https://www.otomoto.pl/osobowe/oferta/volkswagen-scirocco-ID6IeDKy.html
[2026-10-02 08:15:16] Gotowe. Zapisano 1 ofert do tracker.xlsx i index.html
[2026-10-02 09:14:51] Sprawdzam: https://www.otomoto.pl/osobowe/oferta/volkswagen-scirocco-ID6IeDKy.html
[2026-10-02 09:14:52] Gotowe. Zapisano 1 ofert do tracker.xlsx i index.html
[2026-10-02 10:13:32] Sprawdzam: https://www.otomoto.pl/osobowe/oferta/volkswagen-scirocco-ID6IeDKy.html
[2026-10-02 10:13:33] Gotowe. Zapisano 1 ofert do tracker.xlsx i index.html
[2026-10-02 11:12:55] Sprawdzam: https://www.otomoto.pl/osobowe/oferta/volkswagen-scirocco-ID6IeDKy.html
[2026-10-02 11:12:56] Gotowe. Zapisano 1 ofert do tracker.xlsx i index.html
[2026-10-02 12:17:26] Sprawdzam: https://www.otomoto.pl/osobowe/oferta/volkswagen-scirocco-ID6IeDKy.html
[2026-10-02 12:17:26] Gotowe. Zapisano 1 ofert do tracker.xlsx i index.html
[2026-10-02 13:15:48] Sprawdzam: https://www.otomoto.pl/osobowe/oferta/volkswagen-scirocco-ID6IeDKy.html
[2026-10-02 13:15:50] Gotowe. Zapisano 1 ofert do tracker.xlsx i index.html
[2026-10-02 14:15:25] Sprawdzam: https://www.otomoto.pl/osobowe/oferta/volkswagen-scirocco-ID6IeDKy.html
[2026-10-02 14:15:26] Gotowe. Zapisano 1 ofert do tracker.xlsx i index.html
[2026-10-02 15:15:31] Sprawdzam: https://www.otomoto.pl/osobowe/oferta/volkswagen-scirocco-ID6IeDKy.html
[2026-10-02 15:15:32] Gotowe. Zapisano 1 ofert do tracker.xlsx i index.html
[2026-10-02 16:13:46] Sprawdzam: https://www.otomoto.pl/osobowe/oferta/volkswagen-scirocco-ID6IeDKy.html
[2026-10-02 16:13:47] Gotowe. Zapisano 1 ofert do tracker.xlsx i index.html
[2026-10-02 17:13:53] Sprawdzam: https://www.otomoto.pl/osobowe/oferta/volkswagen-scirocco-ID6IeDKy.html
[2026-10-02 17:13:53] Gotowe. Zapisano 1 ofert do tracker.xlsx i index.html
[2026-10-02 18:17:56] Sprawdzam: https://www.otomoto.pl/osobowe/oferta/volkswagen-scirocco-ID6IeDKy.html
[2026-10-02 18:17:57] Gotowe. Zapisano 1 ofert do tracker.xlsx i index.html
[2026-10-02 19:14:08] Sprawdzam: https://www.otomoto.pl/osobowe/oferta/volkswagen-scirocco-ID6IeDKy.html
[2026-10-02 19:14:09] Gotowe. Zapisano 1 ofert do tracker.xlsx i index.html
[2026-10-02 20:12:53] Sprawdzam: https://www.otomoto.pl/osobowe/oferta/volkswagen-scirocco-ID6IeDKy.html
[2026-10-02 20:12:55] Gotowe. Zapisano 1 ofert do tracker.xlsx i index.html
[2026-10-02 21:13:28] Sprawdzam: https://www.otomoto.pl/osobowe/oferta/volkswagen-scirocco-ID6IeDKy.html
[2026-10-02 21:13:29] Gotowe. Zapisano 1 ofert do tracker.xlsx i index.html
[2026-10-02 22:13:05] Sprawdzam: https://www.otomoto.pl/osobowe/oferta/volkswagen-scirocco-ID6IeDKy.html
[2026-10-02 22:13:06] Gotowe. Zapisano 1 ofert do tracker.xlsx i index.html
[2026-10-02 23:10:57] Sprawdzam: https://www.otomoto.pl/osobowe/oferta/volkswagen-scirocco-ID6IeDKy.html
[2026-10-02 23:10:58] Gotowe. Zapisano 1 ofert do tracker.xlsx i index.html
[2026-10-03 00:18:45] Sprawdzam: https://www.otomoto.pl/osobowe/oferta/volkswagen-scirocco-ID6IeDKy.html
[2026-10-03 00:18:47] Gotowe. Zapisano 1 ofert do tracker.xlsx i index.html
[2026-10-03 01:13:12] Sprawdzam: https://www.otomoto.pl/osobowe/oferta/volkswagen-scirocco-ID6IeDKy.html
[2026-10-03 01:13:13] Gotowe. Zapisano 1 ofert do tracker.xlsx i index.html
[2026-10-03 02:13:46] Sprawdzam: https://www.otomoto.pl/osobowe/oferta/volkswagen-scirocco-ID6IeDKy.html
[2026-10-03 02:13:47] Gotowe. Zapisano 1 ofert do tracker.xlsx i index.html
[2026-10-03 03:20:51] Sprawdzam: https://www.otomoto.pl/osobowe/oferta/volkswagen-scirocco-ID6IeDKy.html
[2026-10-03 03:20:51] Gotowe. Zapisano 1 ofert do tracker.xlsx i index.html
[2026-10-03 04:15:27] Sprawdzam: https://www.otomoto.pl/osobowe/oferta/volkswagen-scirocco-ID6IeDKy.html
[2026-10-03 04:15:28] Gotowe. Zapisano 1 ofert do tracker.xlsx i index.html
[2026-10-03 05:12:46] Sprawdzam: https://www.otomoto.pl/osobowe/oferta/volkswagen-scirocco-ID6IeDKy.html
[2026-10-03 05:12:47] Gotowe. Zapisano 1 ofert do tracker.xlsx i index.html
[2026-10-03 06:21:15] Sprawdzam: https://www.otomoto.pl/osobowe/oferta/volkswagen-scirocco-ID6IeDKy.html
[2026-10-03 06:21:16] Gotowe. Zapisano 1 ofert do tracker.xlsx i index.html
[2026-10-03 07:16:43] Sprawdzam: https://www.otomoto.pl/osobowe/oferta/volkswagen-scirocco-ID6IeDKy.html
[2026-10-03 07:16:44] Gotowe. Zapisano 1 ofert do tracker.xlsx i index.html
[2026-10-03 08:14:42] Sprawdzam: https://www.otomoto.pl/osobowe/oferta/volkswagen-scirocco-ID6IeDKy.html
[2026-10-03 08:14:43] Gotowe. Zapisano 1 ofert do tracker.xlsx i index.html
[2026-10-03 09:14:43] Sprawdzam: https://www.otomoto.pl/osobowe/oferta/volkswagen-scirocco-ID6IeDKy.html
[2026-10-03 09:14:44] Gotowe. Zapisano 1 ofert do tracker.xlsx i index.html
[2026-10-03 10:12:43] Sprawdzam: https://www.otomoto.pl/osobowe/oferta/volkswagen-scirocco-ID6IeDKy.html
[2026-10-03 10:12:44] Gotowe. Zapisano 1 ofert do tracker.xlsx i index.html
[2026-10-03 13:18:38] Sprawdzam: https://www.otomoto.pl/osobowe/oferta/volkswagen-scirocco-ID6IeDKy.html
[2026-10-03 13:18:39] Gotowe. Zapisano 1 ofert do tracker.xlsx i index.html
[2026-10-03 18:30:10] Sprawdzam: https://www.otomoto.pl/osobowe/oferta/volkswagen-scirocco-ID6IeDKy.html
[2026-10-03 18:30:11] Gotowe. Zapisano 1 ofert do tracker.xlsx i index.html
[2026-10-04 02:29:49] Sprawdzam: https://www.otomoto.pl/osobowe/oferta/volkswagen-scirocco-ID6IeDKy.html
[2026-10-04 02:29:50] Gotowe. Zapisano 1 ofert do tracker.xlsx i index.html
[2026-10-04 04:55:33] Sprawdzam: https://www.otomoto.pl/osobowe/oferta/volkswagen-scirocco-ID6IeDKy.html
[2026-10-04 04:55:34] Gotowe. Zapisano 1 ofert do tracker.xlsx i index.html
[2026-10-04 11:01:29] Sprawdzam: https://www.otomoto.pl/osobowe/oferta/volkswagen-scirocco-ID6IeDKy.html
[2026-10-04 11:01:30] Gotowe. Zapisano 1 ofert do tracker.xlsx i index.html
[2026-10-04 18:14:38] Sprawdzam: https://www.otomoto.pl/osobowe/oferta/volkswagen-scirocco-ID6IeDKy.html
[2026-10-04 18:14:39] Gotowe. Zapisano 1 ofert do tracker.xlsx i index.html
[2026-10-04 21:22:31] Sprawdzam: https://www.otomoto.pl/osobowe/oferta/volkswagen-scirocco-ID6IeDKy.html
[2026-10-04 21:22:32] Gotowe. Zapisano 1 ofert do tracker.xlsx i index.html
[2026-10-04 22:13:10] Sprawdzam: https://www.otomoto.pl/osobowe/oferta/volkswagen-scirocco-ID6IeDKy.html
[2026-10-04 22:13:11] Gotowe. Zapisano 1 ofert do tracker.xlsx i index.html
[2026-10-04 23:11:41] Sprawdzam: https://www.otomoto.pl/osobowe/oferta/volkswagen-scirocco-ID6IeDKy.html
[2026-10-04 23:11:42] Gotowe. Zapisano 1 ofert do tracker.xlsx i index.html
[2026-10-05 00:21:15] Sprawdzam: https://www.otomoto.pl/osobowe/oferta/volkswagen-scirocco-ID6IeDKy.html
[2026-10-05 00:21:16] Gotowe. Zapisano 1 ofert do tracker.xlsx i index.html
[2026-10-05 01:14:37] Sprawdzam: https://www.otomoto.pl/osobowe/oferta/volkswagen-scirocco-ID6IeDKy.html
[2026-10-05 01:14:37] Gotowe. Zapisano 1 ofert do tracker.xlsx i index.html
[2026-10-05 02:14:26] Sprawdzam: https://www.otomoto.pl/osobowe/oferta/volkswagen-scirocco-ID6IeDKy.html
[2026-10-05 02:14:27] Gotowe. Zapisano 1 ofert do tracker.xlsx i index.html
[2026-10-05 03:15:15] Sprawdzam: https://www.otomoto.pl/osobowe/oferta/volkswagen-scirocco-ID6IeDKy.html
[2026-10-05 03:15:16] Gotowe. Zapisano 1 ofert do tracker.xlsx i index.html
[2026-10-05 04:16:17] Sprawdzam: https://www.otomoto.pl/osobowe/oferta/volkswagen-scirocco-ID6IeDKy.html
[2026-10-05 04:16:18] Gotowe. Zapisano 1 ofert do tracker.xlsx i index.html
[2026-10-05 05:22:19] Sprawdzam: https://www.otomoto.pl/osobowe/oferta/volkswagen-scirocco-ID6IeDKy.html
[2026-10-05 05:22:20] Gotowe. Zapisano 1 ofert do tracker.xlsx i index.html
[2026-10-05 06:22:03] Sprawdzam: https://www.otomoto.pl/osobowe/oferta/volkswagen-scirocco-ID6IeDKy.html
[2026-10-05 06:22:04] Gotowe. Zapisano 1 ofert do tracker.xlsx i index.html
[2026-10-05 07:18:55] Sprawdzam: https://www.otomoto.pl/osobowe/oferta/volkswagen-scirocco-ID6IeDKy.html
[2026-10-05 07:18:56] Gotowe. Zapisano 1 ofert do tracker.xlsx i index.html
[2026-10-05 08:17:37] Sprawdzam: https://www.otomoto.pl/osobowe/oferta/volkswagen-scirocco-ID6IeDKy.html
[2026-10-05 08:17:38] Gotowe. Zapisano 1 ofert do tracker.xlsx i index.html
[2026-10-05 09:16:43] Sprawdzam: https://www.otomoto.pl/osobowe/oferta/volkswagen-scirocco-ID6IeDKy.html
[2026-10-05 09:16:44] Gotowe. Zapisano 1 ofert do tracker.xlsx i index.html
[2026-10-05 10:16:28] Sprawdzam: https://www.otomoto.pl/osobowe/oferta/volkswagen-scirocco-ID6IeDKy.html
[2026-10-05 10:16:29] Gotowe. Zapisano 1 ofert do tracker.xlsx i index.html
[2026-10-05 11:14:09] Sprawdzam: https://www.otomoto.pl/osobowe/oferta/volkswagen-scirocco-ID6IeDKy.html
[2026-10-05 11:14:10] Gotowe. Zapisano 1 ofert do tracker.xlsx i index.html
[2026-10-05 12:18:53] Sprawdzam: https://www.otomoto.pl/osobowe/oferta/volkswagen-scirocco-ID6IeDKy.html
[2026-10-05 12:18:54] Gotowe. Zapisano 1 ofert do tracker.xlsx i index.html
[2026-10-05 13:19:19] Sprawdzam: https://www.otomoto.pl/osobowe/oferta/volkswagen-scirocco-ID6IeDKy.html
[2026-10-05 13:19:20] Gotowe. Zapisano 1 ofert do tracker.xlsx i index.html
[2026-10-05 14:18:21] Sprawdzam: https://www.otomoto.pl/osobowe/oferta/volkswagen-scirocco-ID6IeDKy.html
[2026-10-05 14:18:22] Gotowe. Zapisano 1 ofert do tracker.xlsx i index.html
[2026-10-05 15:17:03] Sprawdzam: https://www.otomoto.pl/osobowe/oferta/volkswagen-scirocco-ID6IeDKy.html
[2026-10-05 15:17:04] Gotowe. Zapisano 1 ofert do tracker.xlsx i index.html
[2026-10-05 16:15:03] Sprawdzam: https://www.otomoto.pl/osobowe/oferta/volkswagen-scirocco-ID6IeDKy.html
[2026-10-05 16:15:04] Gotowe. Zapisano 1 ofert do tracker.xlsx i index.html
[2026-10-05 17:12:52] Sprawdzam: https://www.otomoto.pl/osobowe/oferta/volkswagen-scirocco-ID6IeDKy.html
[2026-10-05 17:12:53] Gotowe. Zapisano 1 ofert do tracker.xlsx i index.html
[2026-10-05 18:17:36] Sprawdzam: https://www.otomoto.pl/osobowe/oferta/volkswagen-scirocco-ID6IeDKy.html
[2026-10-05 18:17:36] Gotowe. Zapisano 1 ofert do tracker.xlsx i index.html
[2026-10-05 22:13:26] Sprawdzam: https://www.otomoto.pl/osobowe/oferta/volkswagen-scirocco-ID6IeDKy.html
[2026-10-05 22:13:28] Gotowe. Zapisano 1 ofert do tracker.xlsx i index.html
[2026-10-05 23:11:46] Sprawdzam: https://www.otomoto.pl/osobowe/oferta/volkswagen-scirocco-ID6IeDKy.html
[2026-10-05 23:11:46] Gotowe. Zapisano 1 ofert do tracker.xlsx i index.html
[2026-10-06 00:21:31] Sprawdzam: https://www.otomoto.pl/osobowe/oferta/volkswagen-scirocco-ID6IeDKy.html
[2026-10-06 00:21:32] Gotowe. Zapisano 1 ofert do tracker.xlsx i index.html
[2026-10-06 01:14:10] Sprawdzam: https://www.otomoto.pl/osobowe/oferta/volkswagen-scirocco-ID6IeDKy.html
[2026-10-06 01:14:11] Gotowe. Zapisano 1 ofert do tracker.xlsx i index.html
[2026-10-06 02:13:38] Sprawdzam: https://www.otomoto.pl/osobowe/oferta/volkswagen-scirocco-ID6IeDKy.html
[2026-10-06 02:13:39] Gotowe. Zapisano 1 ofert do tracker.xlsx i index.html
[2026-10-06 03:13:43] Sprawdzam: https://www.otomoto.pl/osobowe/oferta/volkswagen-scirocco-ID6IeDKy.html
[2026-10-06 03:13:44] Gotowe. Zapisano 1 ofert do tracker.xlsx i index.html
[2026-10-06 04:14:49] Sprawdzam: https://www.otomoto.pl/osobowe/oferta/volkswagen-scirocco-ID6IeDKy.html
[2026-10-06 04:14:50] Gotowe. Zapisano 1 ofert do tracker.xlsx i index.html
[2026-10-06 05:13:31] Sprawdzam: https://www.otomoto.pl/osobowe/oferta/volkswagen-scirocco-ID6IeDKy.html
[2026-10-06 05:13:32] Gotowe. Zapisano 1 ofert do tracker.xlsx i index.html
[2026-10-06 06:17:57] Sprawdzam: https://www.otomoto.pl/osobowe/oferta/volkswagen-scirocco-ID6IeDKy.html
[2026-10-06 06:17:58] Gotowe. Zapisano 1 ofert do tracker.xlsx i index.html
[2026-10-06 07:15:30] Sprawdzam: https://www.otomoto.pl/osobowe/oferta/volkswagen-scirocco-ID6IeDKy.html
[2026-10-06 07:15:32] Gotowe. Zapisano 1 ofert do tracker.xlsx i index.html
[2026-10-06 08:14:58] Sprawdzam: https://www.otomoto.pl/osobowe/oferta/volkswagen-scirocco-ID6IeDKy.html
[2026-10-06 08:14:58] Gotowe. Zapisano 1 ofert do tracker.xlsx i index.html
[2026-10-06 09:14:55] Sprawdzam: https://www.otomoto.pl/osobowe/oferta/volkswagen-scirocco-ID6IeDKy.html
[2026-10-06 09:14:56] Gotowe. Zapisano 1 ofert do tracker.xlsx i index.html
[2026-10-06 10:14:12] Sprawdzam: https://www.otomoto.pl/osobowe/oferta/volkswagen-scirocco-ID6IeDKy.html
[2026-10-06 10:14:13] Gotowe. Zapisano 1 ofert do tracker.xlsx i index.html
[2026-10-06 11:13:24] Sprawdzam: https://www.otomoto.pl/osobowe/oferta/volkswagen-scirocco-ID6IeDKy.html
[2026-10-06 11:13:25] Gotowe. Zapisano 1 ofert do tracker.xlsx i index.html
[2026-10-06 12:17:14] Sprawdzam: https://www.otomoto.pl/osobowe/oferta/volkswagen-scirocco-ID6IeDKy.html
[2026-10-06 12:17:15] Gotowe. Zapisano 1 ofert do tracker.xlsx i index.html
[2026-10-06 13:16:01] Sprawdzam: https://www.otomoto.pl/osobowe/oferta/volkswagen-scirocco-ID6IeDKy.html
[2026-10-06 13:16:01] Gotowe. Zapisano 1 ofert do tracker.xlsx i index.html
[2026-10-06 14:17:05] Sprawdzam: https://www.otomoto.pl/osobowe/oferta/volkswagen-scirocco-ID6IeDKy.html
[2026-10-06 14:17:09] Gotowe. Zapisano 1 ofert do tracker.xlsx i index.html
[2026-10-06 15:15:04] Sprawdzam: https://www.otomoto.pl/osobowe/oferta/volkswagen-scirocco-ID6IeDKy.html
[2026-10-06 15:15:05] Gotowe. Zapisano 1 ofert do tracker.xlsx i index.html
[2026-10-06 16:15:29] Sprawdzam: https://www.otomoto.pl/osobowe/oferta/volkswagen-scirocco-ID6IeDKy.html
[2026-10-06 16:15:30] Gotowe. Zapisano 1 ofert do tracker.xlsx i index.html
[2026-10-06 17:12:47] Sprawdzam: https://www.otomoto.pl/osobowe/oferta/volkswagen-scirocco-ID6IeDKy.html
[2026-10-06 17:12:48] Gotowe. Zapisano 1 ofert do tracker.xlsx i index.html
[2026-10-06 18:15:15] Sprawdzam: https://www.otomoto.pl/osobowe/oferta/volkswagen-scirocco-ID6IeDKy.html
[2026-10-06 18:15:16] Gotowe. Zapisano 1 ofert do tracker.xlsx i index.html
[2026-10-06 19:12:40] Sprawdzam: https://www.otomoto.pl/osobowe/oferta/volkswagen-scirocco-ID6IeDKy.html
[2026-10-06 19:12:41] Gotowe. Zapisano 1 ofert do tracker.xlsx i index.html
[2026-10-06 20:13:45] Sprawdzam: https://www.otomoto.pl/osobowe/oferta/volkswagen-scirocco-ID6IeDKy.html
[2026-10-06 20:13:46] Gotowe. Zapisano 1 ofert do tracker.xlsx i index.html
[2026-10-06 21:13:03] Sprawdzam: https://www.otomoto.pl/osobowe/oferta/volkswagen-scirocco-ID6IeDKy.html
[2026-10-06 21:13:04] Gotowe. Zapisano 1 ofert do tracker.xlsx i index.html
[2026-10-06 22:13:29] Sprawdzam: https://www.otomoto.pl/osobowe/oferta/volkswagen-scirocco-ID6IeDKy.html
[2026-10-06 22:13:30] Gotowe. Zapisano 1 ofert do tracker.xlsx i index.html
[2026-10-06 23:12:30] Sprawdzam: https://www.otomoto.pl/osobowe/oferta/volkswagen-scirocco-ID6IeDKy.html
[2026-10-06 23:12:31] Gotowe. Zapisano 1 ofert do tracker.xlsx i index.html
[2026-10-07 00:21:42] Sprawdzam: https://www.otomoto.pl/osobowe/oferta/volkswagen-scirocco-ID6IeDKy.html
[2026-10-07 00:21:43] Gotowe. Zapisano 1 ofert do tracker.xlsx i index.html
[2026-10-07 01:16:00] Sprawdzam: https://www.otomoto.pl/osobowe/oferta/volkswagen-scirocco-ID6IeDKy.html
[2026-10-07 01:16:02] Gotowe. Zapisano 1 ofert do tracker.xlsx i index.html
[2026-10-07 02:15:01] Sprawdzam: https://www.otomoto.pl/osobowe/oferta/volkswagen-scirocco-ID6IeDKy.html
[2026-10-07 02:15:01] Gotowe. Zapisano 1 ofert do tracker.xlsx i index.html
[2026-10-07 03:14:31] Sprawdzam: https://www.otomoto.pl/osobowe/oferta/volkswagen-scirocco-ID6IeDKy.html
[2026-10-07 03:14:31] Gotowe. Zapisano 1 ofert do tracker.xlsx i index.html
[2026-10-07 04:14:30] Sprawdzam: https://www.otomoto.pl/osobowe/oferta/volkswagen-scirocco-ID6IeDKy.html
[2026-10-07 04:14:31] Gotowe. Zapisano 1 ofert do tracker.xlsx i index.html
[2026-10-07 05:14:30] Sprawdzam: https://www.otomoto.pl/osobowe/oferta/volkswagen-scirocco-ID6IeDKy.html
[2026-10-07 05:14:31] Gotowe. Zapisano 1 ofert do tracker.xlsx i index.html
[2026-10-07 06:16:46] Sprawdzam: https://www.otomoto.pl/osobowe/oferta/volkswagen-scirocco-ID6IeDKy.html
[2026-10-07 06:16:47] Gotowe. Zapisano 1 ofert do tracker.xlsx i index.html
[2026-10-07 07:16:01] Sprawdzam: https://www.otomoto.pl/osobowe/oferta/volkswagen-scirocco-ID6IeDKy.html
[2026-10-07 07:16:02] Gotowe. Zapisano 1 ofert do tracker.xlsx i index.html
[2026-10-07 08:15:42] Sprawdzam: https://www.otomoto.pl/osobowe/oferta/volkswagen-scirocco-ID6IeDKy.html
[2026-10-07 08:15:43] Gotowe. Zapisano 1 ofert do tracker.xlsx i index.html
[2026-10-07 09:15:04] Sprawdzam: https://www.otomoto.pl/osobowe/oferta/volkswagen-scirocco-ID6IeDKy.html
[2026-10-07 09:15:06] Gotowe. Zapisano 1 ofert do tracker.xlsx i index.html
[2026-10-07 10:14:58] Sprawdzam: https://www.otomoto.pl/osobowe/oferta/volkswagen-scirocco-ID6IeDKy.html
[2026-10-07 10:15:00] Gotowe. Zapisano 1 ofert do tracker.xlsx i index.html
[2026-10-07 11:14:05] Sprawdzam: https://www.otomoto.pl/osobowe/oferta/volkswagen-scirocco-ID6IeDKy.html
[2026-10-07 11:14:05] Gotowe. Zapisano 1 ofert do tracker.xlsx i index.html
[2026-10-07 12:19:15] Sprawdzam: https://www.otomoto.pl/osobowe/oferta/volkswagen-scirocco-ID6IeDKy.html
[2026-10-07 12:19:15] Gotowe. Zapisano 1 ofert do tracker.xlsx i index.html
[2026-10-07 13:18:12] Sprawdzam: https://www.otomoto.pl/osobowe/oferta/volkswagen-scirocco-ID6IeDKy.html
[2026-10-07 13:18:13] Gotowe. Zapisano 1 ofert do tracker.xlsx i index.html
[2026-10-07 14:15:31] Sprawdzam: https://www.otomoto.pl/osobowe/oferta/volkswagen-scirocco-ID6IeDKy.html
[2026-10-07 14:15:32] Gotowe. Zapisano 1 ofert do tracker.xlsx i index.html
[2026-10-07 15:25:06] Sprawdzam: https://www.otomoto.pl/osobowe/oferta/volkswagen-scirocco-ID6IeDKy.html
[2026-10-07 15:25:07] Gotowe. Zapisano 1 ofert do tracker.xlsx i index.html
[2026-10-07 16:16:55] Sprawdzam: https://www.otomoto.pl/osobowe/oferta/volkswagen-scirocco-ID6IeDKy.html
[2026-10-07 16:16:55] Gotowe. Zapisano 1 ofert do tracker.xlsx i index.html
[2026-10-07 17:20:24] Sprawdzam: https://www.otomoto.pl/osobowe/oferta/volkswagen-scirocco-ID6IeDKy.html
[2026-10-07 17:20:25] Gotowe. Zapisano 1 ofert do tracker.xlsx i index.html
[2026-10-07 18:16:46] Sprawdzam: https://www.otomoto.pl/osobowe/oferta/volkswagen-scirocco-ID6IeDKy.html
[2026-10-07 18:16:48] Gotowe. Zapisano 1 ofert do tracker.xlsx i index.html
[2026-10-07 19:15:20] Sprawdzam: https://www.otomoto.pl/osobowe/oferta/volkswagen-scirocco-ID6IeDKy.html
[2026-10-07 19:15:20] Gotowe. Zapisano 1 ofert do tracker.xlsx i index.html
[2026-10-07 20:14:19] Sprawdzam: https://www.otomoto.pl/osobowe/oferta/volkswagen-scirocco-ID6IeDKy.html
[2026-10-07 20:14:20] Gotowe. Zapisano 1 ofert do tracker.xlsx i index.html
[2026-10-07 21:13:55] Sprawdzam: https://www.otomoto.pl/osobowe/oferta/volkswagen-scirocco-ID6IeDKy.html
[2026-10-07 21:13:56] Gotowe. Zapisano 1 ofert do tracker.xlsx i index.html
[2026-10-07 22:12:22] Sprawdzam: https://www.otomoto.pl/osobowe/oferta/volkswagen-scirocco-ID6IeDKy.html
[2026-10-07 22:12:23] Gotowe. Zapisano 1 ofert do tracker.xlsx i index.html
[2026-10-07 23:11:07] Sprawdzam: https://www.otomoto.pl/osobowe/oferta/volkswagen-scirocco-ID6IeDKy.html
[2026-10-07 23:11:09] Gotowe. Zapisano 1 ofert do tracker.xlsx i index.html
[2026-10-08 00:20:26] Sprawdzam: https://www.otomoto.pl/osobowe/oferta/volkswagen-scirocco-ID6IeDKy.html
[2026-10-08 00:20:30] Gotowe. Zapisano 1 ofert do tracker.xlsx i index.html
[2026-10-08 01:15:51] Sprawdzam: https://www.otomoto.pl/osobowe/oferta/volkswagen-scirocco-ID6IeDKy.html
[2026-10-08 01:15:53] Gotowe. Zapisano 1 ofert do tracker.xlsx i index.html
[2026-10-08 02:13:28] Sprawdzam: https://www.otomoto.pl/osobowe/oferta/volkswagen-scirocco-ID6IeDKy.html
[2026-10-08 02:13:29] Gotowe. Zapisano 1 ofert do tracker.xlsx i index.html
[2026-10-08 03:14:21] Sprawdzam: https://www.otomoto.pl/osobowe/oferta/volkswagen-scirocco-ID6IeDKy.html
[2026-10-08 03:14:23] Gotowe. Zapisano 1 ofert do tracker.xlsx i index.html
[2026-10-08 04:14:48] Sprawdzam: https://www.otomoto.pl/osobowe/oferta/volkswagen-scirocco-ID6IeDKy.html
[2026-10-08 04:14:49] Gotowe. Zapisano 1 ofert do tracker.xlsx i index.html
[2026-10-08 05:14:38] Sprawdzam: https://www.otomoto.pl/osobowe/oferta/volkswagen-scirocco-ID6IeDKy.html
[2026-10-08 05:14:38] Gotowe. Zapisano 1 ofert do tracker.xlsx i index.html
[2026-10-08 06:19:21] Sprawdzam: https://www.otomoto.pl/osobowe/oferta/volkswagen-scirocco-ID6IeDKy.html
[2026-10-08 06:19:23] Gotowe. Zapisano 1 ofert do tracker.xlsx i index.html
[2026-10-08 07:17:03] Sprawdzam: https://www.otomoto.pl/osobowe/oferta/volkswagen-scirocco-ID6IeDKy.html
[2026-10-08 07:17:03] Gotowe. Zapisano 1 ofert do tracker.xlsx i index.html
[2026-10-08 08:16:00] Sprawdzam: https://www.otomoto.pl/osobowe/oferta/volkswagen-scirocco-ID6IeDKy.html
[2026-10-08 08:16:01] Gotowe. Zapisano 1 ofert do tracker.xlsx i index.html
[2026-10-08 09:15:39] Sprawdzam: https://www.otomoto.pl/osobowe/oferta/volkswagen-scirocco-ID6IeDKy.html
[2026-10-08 09:15:40] Gotowe. Zapisano 1 ofert do tracker.xlsx i index.html
[2026-10-08 10:15:59] Sprawdzam: https://www.otomoto.pl/osobowe/oferta/volkswagen-scirocco-ID6IeDKy.html
[2026-10-08 10:16:00] Gotowe. Zapisano 1 ofert do tracker.xlsx i index.html
[2026-10-08 11:14:10] Sprawdzam: https://www.otomoto.pl/osobowe/oferta/volkswagen-scirocco-ID6IeDKy.html
[2026-10-08 11:14:10] Gotowe. Zapisano 1 ofert do tracker.xlsx i index.html
[2026-10-08 12:18:48] Sprawdzam: https://www.otomoto.pl/osobowe/oferta/volkswagen-scirocco-ID6IeDKy.html
[2026-10-08 12:18:49] Gotowe. Zapisano 1 ofert do tracker.xlsx i index.html
[2026-10-08 13:18:47] Sprawdzam: https://www.otomoto.pl/osobowe/oferta/volkswagen-scirocco-ID6IeDKy.html
[2026-10-08 13:18:48] Gotowe. Zapisano 1 ofert do tracker.xlsx i index.html
[2026-10-08 14:17:42] Sprawdzam: https://www.otomoto.pl/osobowe/oferta/volkswagen-scirocco-ID6IeDKy.html
[2026-10-08 14:17:43] Gotowe. Zapisano 1 ofert do tracker.xlsx i index.html
[2026-10-08 15:15:24] Sprawdzam: https://www.otomoto.pl/osobowe/oferta/volkswagen-scirocco-ID6IeDKy.html
[2026-10-08 15:15:25] Gotowe. Zapisano 1 ofert do tracker.xlsx i index.html
[2026-10-08 16:17:01] Sprawdzam: https://www.otomoto.pl/osobowe/oferta/volkswagen-scirocco-ID6IeDKy.html
[2026-10-08 16:17:05] Gotowe. Zapisano 1 ofert do tracker.xlsx i index.html
[2026-10-08 17:14:52] Sprawdzam: https://www.otomoto.pl/osobowe/oferta/volkswagen-scirocco-ID6IeDKy.html
[2026-10-08 17:14:52] Gotowe. Zapisano 1 ofert do tracker.xlsx i index.html
[2026-10-08 18:16:18] Sprawdzam: https://www.otomoto.pl/osobowe/oferta/volkswagen-scirocco-ID6IeDKy.html
[2026-10-08 18:16:19] Gotowe. Zapisano 1 ofert do tracker.xlsx i index.html
[2026-10-08 19:14:54] Sprawdzam: https://www.otomoto.pl/osobowe/oferta/volkswagen-scirocco-ID6IeDKy.html
[2026-10-08 19:14:55] Gotowe. Zapisano 1 ofert do tracker.xlsx i index.html
[2026-10-08 20:15:25] Sprawdzam: https://www.otomoto.pl/osobowe/oferta/volkswagen-scirocco-ID6IeDKy.html
[2026-10-08 20:15:26] Gotowe. Zapisano 1 ofert do tracker.xlsx i index.html
[2026-10-08 21:14:38] Sprawdzam: https://www.otomoto.pl/osobowe/oferta/volkswagen-scirocco-ID6IeDKy.html
[2026-10-08 21:14:43] Gotowe. Zapisano 1 ofert do tracker.xlsx i index.html
[2026-10-08 22:13:52] Sprawdzam: https://www.otomoto.pl/osobowe/oferta/volkswagen-scirocco-ID6IeDKy.html
[2026-10-08 22:13:53] Gotowe. Zapisano 1 ofert do tracker.xlsx i index.html
[2026-10-08 23:13:06] Sprawdzam: https://www.otomoto.pl/osobowe/oferta/volkswagen-scirocco-ID6IeDKy.html
[2026-10-08 23:13:07] Gotowe. Zapisano 1 ofert do tracker.xlsx i index.html
[2026-10-09 00:23:16] Sprawdzam: https://www.otomoto.pl/osobowe/oferta/volkswagen-scirocco-ID6IeDKy.html
[2026-10-09 00:23:17] Gotowe. Zapisano 1 ofert do tracker.xlsx i index.html
[2026-10-09 01:17:25] Sprawdzam: https://www.otomoto.pl/osobowe/oferta/volkswagen-scirocco-ID6IeDKy.html
[2026-10-09 01:17:26] Gotowe. Zapisano 1 ofert do tracker.xlsx i index.html
[2026-10-09 02:14:01] Sprawdzam: https://www.otomoto.pl/osobowe/oferta/volkswagen-scirocco-ID6IeDKy.html
[2026-10-09 02:14:01] Gotowe. Zapisano 1 ofert do tracker.xlsx i index.html
[2026-10-09 03:14:19] Sprawdzam: https://www.otomoto.pl/osobowe/oferta/volkswagen-scirocco-ID6IeDKy.html
[2026-10-09 03:14:20] Gotowe. Zapisano 1 ofert do tracker.xlsx i index.html
[2026-10-09 04:15:11] Sprawdzam: https://www.otomoto.pl/osobowe/oferta/volkswagen-scirocco-ID6IeDKy.html
[2026-10-09 04:15:15] Gotowe. Zapisano 1 ofert do tracker.xlsx i index.html
